Python executable: /burg-archive/home/ss6574/.conda/envs/ot-exp/bin/python
Python version: 3.11.15 | packaged by conda-forge | (main, Mar  5 2026, 16:45:40) [GCC 14.3.0]
otexp package: /burg-archive/home/ss6574/L1-rates-ot-potentials/src/otexp/__init__.py
Running new_d dimension d=6, task=3
[resume] d=6, n=10000, b=[0, 100): found 55/100 completed trials
[trial] d=6, n=10000, b=56/100, runtime=843.16s, success=False, nit=1000, nfev=1001
[trial] d=6, n=10000, b=57/100, runtime=843.87s, success=False, nit=1000, nfev=1001
[trial] d=6, n=10000, b=58/100, runtime=844.08s, success=False, nit=1000, nfev=1001
[trial] d=6, n=10000, b=59/100, runtime=843.96s, success=False, nit=1000, nfev=1001
[trial] d=6, n=10000, b=60/100, runtime=849.14s, success=False, nit=1000, nfev=1001
[trial] d=6, n=10000, b=61/100, runtime=852.82s, success=False, nit=1000, nfev=1001
[trial] d=6, n=10000, b=62/100, runtime=853.07s, success=False, nit=1000, nfev=1001
[trial] d=6, n=10000, b=63/100, runtime=853.04s, success=False, nit=1000, nfev=1001
[trial] d=6, n=10000, b=64/100, runtime=853.42s, success=False, nit=1000, nfev=1001
[trial] d=6, n=10000, b=65/100, runtime=852.35s, success=False, nit=1000, nfev=1001
[trial] d=6, n=10000, b=66/100, runtime=851.13s, success=False, nit=1000, nfev=1001
[trial] d=6, n=10000, b=67/100, runtime=849.98s, success=False, nit=1000, nfev=1001
[trial] d=6, n=10000, b=68/100, runtime=849.77s, success=False, nit=1000, nfev=1001
[trial] d=6, n=10000, b=69/100, runtime=849.85s, success=False, nit=1000, nfev=1001
[trial] d=6, n=10000, b=70/100, runtime=850.34s, success=False, nit=1000, nfev=1002
[trial] d=6, n=10000, b=71/100, runtime=848.93s, success=False, nit=1000, nfev=1001
[trial] d=6, n=10000, b=72/100, runtime=848.90s, success=False, nit=1000, nfev=1001
[trial] d=6, n=10000, b=73/100, runtime=848.87s, success=False, nit=1000, nfev=1001
[trial] d=6, n=10000, b=74/100, runtime=849.08s, success=False, nit=1000, nfev=1001
[trial] d=6, n=10000, b=75/100, runtime=849.88s, success=False, nit=1000, nfev=1001
[trial] d=6, n=10000, b=76/100, runtime=850.22s, success=False, nit=1000, nfev=1001
[trial] d=6, n=10000, b=77/100, runtime=848.06s, success=False, nit=1000, nfev=1001
[trial] d=6, n=10000, b=78/100, runtime=848.42s, success=False, nit=1000, nfev=1002
[trial] d=6, n=10000, b=79/100, runtime=850.02s, success=False, nit=1000, nfev=1001
[trial] d=6, n=10000, b=80/100, runtime=846.81s, success=False, nit=1000, nfev=1001
[trial] d=6, n=10000, b=81/100, runtime=850.37s, success=False, nit=1000, nfev=1001
[trial] d=6, n=10000, b=82/100, runtime=850.38s, success=False, nit=1000, nfev=1001
[trial] d=6, n=10000, b=83/100, runtime=764.04s, success=True, nit=898, nfev=899
[trial] d=6, n=10000, b=84/100, runtime=850.48s, success=False, nit=1000, nfev=1001
[trial] d=6, n=10000, b=85/100, runtime=847.53s, success=False, nit=1000, nfev=1001
[trial] d=6, n=10000, b=86/100, runtime=844.43s, success=False, nit=1000, nfev=1001
[trial] d=6, n=10000, b=87/100, runtime=844.90s, success=False, nit=1000, nfev=1001
[trial] d=6, n=10000, b=88/100, runtime=844.53s, success=False, nit=1000, nfev=1001
[trial] d=6, n=10000, b=89/100, runtime=845.73s, success=False, nit=1000, nfev=1001
[trial] d=6, n=10000, b=90/100, runtime=867.90s, success=False, nit=1000, nfev=1001
[trial] d=6, n=10000, b=91/100, runtime=898.17s, success=False, nit=1000, nfev=1001
[trial] d=6, n=10000, b=92/100, runtime=898.04s, success=False, nit=1000, nfev=1001
[trial] d=6, n=10000, b=93/100, runtime=897.79s, success=False, nit=1000, nfev=1001
[trial] d=6, n=10000, b=94/100, runtime=897.59s, success=False, nit=1000, nfev=1001
[trial] d=6, n=10000, b=95/100, runtime=897.31s, success=False, nit=1000, nfev=1001
[trial] d=6, n=10000, b=96/100, runtime=897.65s, success=False, nit=1000, nfev=1001
[trial] d=6, n=10000, b=97/100, runtime=897.89s, success=False, nit=1000, nfev=1001
[trial] d=6, n=10000, b=98/100, runtime=898.11s, success=False, nit=1000, nfev=1001
[trial] d=6, n=10000, b=99/100, runtime=898.46s, success=False, nit=1000, nfev=1001
[trial] d=6, n=10000, b=100/100, runtime=898.20s, success=False, nit=1000, nfev=1001

 Summary:
 d     n   B  mean_loss  std_loss  se_loss     beta  mean_loss_over_beta
 6   100 100   0.051664  0.004415 0.000441 4.569037             0.011307
 6   300 100   0.033608  0.002150 0.000215 4.859805             0.006915
 6  1000 100   0.021112  0.001052 0.000105 4.771708             0.004424
 6  3000 100   0.014459  0.000564 0.000056 4.444579             0.003253
 6 10000 100   0.008927  0.000170 0.000017 3.937477             0.002267

Empirical log-log slope for mean loss: -0.378
Log-log slope of beta(n,6): -0.034
