Python executable: /burg-archive/home/ss6574/.conda/envs/ot-exp/bin/python
Python version: 3.11.15 | packaged by conda-forge | (main, Mar  5 2026, 16:45:40) [GCC 14.3.0]
otexp package: /burg-archive/home/ss6574/L1-rates-ot-potentials/src/otexp/__init__.py
Running new_d dimension d=3, task=1
[trial] d=3, n=10000, b=1/100, runtime=852.90s, success=False, nit=1000, nfev=1003
[trial] d=3, n=10000, b=2/100, runtime=853.67s, success=False, nit=1000, nfev=1003
[trial] d=3, n=10000, b=3/100, runtime=854.33s, success=False, nit=1000, nfev=1003
[trial] d=3, n=10000, b=4/100, runtime=856.83s, success=False, nit=1000, nfev=1003
[trial] d=3, n=10000, b=5/100, runtime=862.82s, success=False, nit=1000, nfev=1003
[trial] d=3, n=10000, b=6/100, runtime=862.98s, success=False, nit=1000, nfev=1003
[trial] d=3, n=10000, b=7/100, runtime=874.23s, success=False, nit=1000, nfev=1003
[trial] d=3, n=10000, b=8/100, runtime=878.44s, success=False, nit=1000, nfev=1003
[trial] d=3, n=10000, b=9/100, runtime=838.67s, success=False, nit=1000, nfev=1003
[trial] d=3, n=10000, b=10/100, runtime=829.49s, success=False, nit=1000, nfev=1003
[trial] d=3, n=10000, b=11/100, runtime=829.48s, success=False, nit=1000, nfev=1003
[trial] d=3, n=10000, b=12/100, runtime=829.45s, success=False, nit=1000, nfev=1003
[trial] d=3, n=10000, b=13/100, runtime=829.37s, success=False, nit=1000, nfev=1003
[trial] d=3, n=10000, b=14/100, runtime=829.64s, success=False, nit=1000, nfev=1003
[trial] d=3, n=10000, b=15/100, runtime=829.71s, success=False, nit=1000, nfev=1003
[trial] d=3, n=10000, b=16/100, runtime=822.38s, success=False, nit=1000, nfev=1003
[trial] d=3, n=10000, b=17/100, runtime=822.07s, success=False, nit=1000, nfev=1003
[trial] d=3, n=10000, b=18/100, runtime=822.15s, success=False, nit=1000, nfev=1003
[trial] d=3, n=10000, b=19/100, runtime=822.35s, success=False, nit=1000, nfev=1003
[trial] d=3, n=10000, b=20/100, runtime=851.21s, success=False, nit=1000, nfev=1003
[trial] d=3, n=10000, b=21/100, runtime=934.75s, success=False, nit=1000, nfev=1003
[trial] d=3, n=10000, b=22/100, runtime=840.01s, success=False, nit=1000, nfev=1003
[trial] d=3, n=10000, b=23/100, runtime=839.65s, success=False, nit=1000, nfev=1003
[trial] d=3, n=10000, b=24/100, runtime=839.52s, success=False, nit=1000, nfev=1003
[trial] d=3, n=10000, b=25/100, runtime=839.51s, success=False, nit=1000, nfev=1003
[trial] d=3, n=10000, b=26/100, runtime=845.46s, success=False, nit=1000, nfev=1003
[trial] d=3, n=10000, b=27/100, runtime=849.74s, success=False, nit=1000, nfev=1003
[trial] d=3, n=10000, b=28/100, runtime=827.56s, success=False, nit=1000, nfev=1003
[trial] d=3, n=10000, b=29/100, runtime=827.40s, success=False, nit=1000, nfev=1003
[trial] d=3, n=10000, b=30/100, runtime=828.27s, success=False, nit=1000, nfev=1003
[trial] d=3, n=10000, b=31/100, runtime=834.33s, success=False, nit=1000, nfev=1003
[trial] d=3, n=10000, b=32/100, runtime=831.54s, success=False, nit=1000, nfev=1003
[trial] d=3, n=10000, b=33/100, runtime=830.97s, success=False, nit=1000, nfev=1003
[trial] d=3, n=10000, b=34/100, runtime=851.01s, success=False, nit=1000, nfev=1003
[trial] d=3, n=10000, b=35/100, runtime=850.96s, success=False, nit=1000, nfev=1003
[trial] d=3, n=10000, b=36/100, runtime=850.69s, success=False, nit=1000, nfev=1003
[trial] d=3, n=10000, b=37/100, runtime=850.39s, success=False, nit=1000, nfev=1003
[trial] d=3, n=10000, b=38/100, runtime=850.80s, success=False, nit=1000, nfev=1003
[trial] d=3, n=10000, b=39/100, runtime=850.56s, success=False, nit=1000, nfev=1003
[trial] d=3, n=10000, b=40/100, runtime=850.61s, success=False, nit=1000, nfev=1003
[trial] d=3, n=10000, b=41/100, runtime=850.82s, success=False, nit=1000, nfev=1003
[trial] d=3, n=10000, b=42/100, runtime=864.82s, success=False, nit=1000, nfev=1003
[trial] d=3, n=10000, b=43/100, runtime=871.13s, success=False, nit=1000, nfev=1003
[trial] d=3, n=10000, b=44/100, runtime=871.26s, success=False, nit=1000, nfev=1003
[trial] d=3, n=10000, b=45/100, runtime=868.02s, success=False, nit=1000, nfev=1003
[trial] d=3, n=10000, b=46/100, runtime=850.13s, success=False, nit=1000, nfev=1003
[trial] d=3, n=10000, b=47/100, runtime=849.98s, success=False, nit=1000, nfev=1003
[trial] d=3, n=10000, b=48/100, runtime=849.87s, success=False, nit=1000, nfev=1003
[trial] d=3, n=10000, b=49/100, runtime=850.01s, success=False, nit=1000, nfev=1003
[trial] d=3, n=10000, b=50/100, runtime=853.16s, success=False, nit=1000, nfev=1003
[trial] d=3, n=10000, b=51/100, runtime=858.54s, success=False, nit=1000, nfev=1003
[trial] d=3, n=10000, b=52/100, runtime=858.01s, success=False, nit=1000, nfev=1003
[trial] d=3, n=10000, b=53/100, runtime=858.22s, success=False, nit=1000, nfev=1003
[trial] d=3, n=10000, b=54/100, runtime=857.71s, success=False, nit=1000, nfev=1003
[trial] d=3, n=10000, b=55/100, runtime=858.78s, success=False, nit=1000, nfev=1003
[trial] d=3, n=10000, b=56/100, runtime=857.76s, success=False, nit=1000, nfev=1003
[trial] d=3, n=10000, b=57/100, runtime=857.47s, success=False, nit=1000, nfev=1003
[trial] d=3, n=10000, b=58/100, runtime=858.10s, success=False, nit=1000, nfev=1003
[trial] d=3, n=10000, b=59/100, runtime=857.74s, success=False, nit=1000, nfev=1003
[trial] d=3, n=10000, b=60/100, runtime=857.81s, success=False, nit=1000, nfev=1003
[trial] d=3, n=10000, b=61/100, runtime=857.49s, success=False, nit=1000, nfev=1003
[trial] d=3, n=10000, b=62/100, runtime=857.94s, success=False, nit=1000, nfev=1003
[trial] d=3, n=10000, b=63/100, runtime=857.21s, success=False, nit=1000, nfev=1003
[trial] d=3, n=10000, b=64/100, runtime=857.56s, success=False, nit=1000, nfev=1003
[trial] d=3, n=10000, b=65/100, runtime=857.86s, success=False, nit=1000, nfev=1003
[trial] d=3, n=10000, b=66/100, runtime=852.42s, success=False, nit=1000, nfev=1003
[trial] d=3, n=10000, b=67/100, runtime=846.08s, success=False, nit=1000, nfev=1003
[trial] d=3, n=10000, b=68/100, runtime=845.08s, success=False, nit=1000, nfev=1003
[trial] d=3, n=10000, b=69/100, runtime=845.25s, success=False, nit=1000, nfev=1003
[trial] d=3, n=10000, b=70/100, runtime=860.35s, success=False, nit=1000, nfev=1003
[trial] d=3, n=10000, b=71/100, runtime=866.36s, success=False, nit=1000, nfev=1003
[trial] d=3, n=10000, b=72/100, runtime=866.08s, success=False, nit=1000, nfev=1003
[trial] d=3, n=10000, b=73/100, runtime=866.23s, success=False, nit=1000, nfev=1003
[trial] d=3, n=10000, b=74/100, runtime=866.00s, success=False, nit=1000, nfev=1003
[trial] d=3, n=10000, b=75/100, runtime=866.19s, success=False, nit=1000, nfev=1003
[trial] d=3, n=10000, b=76/100, runtime=865.16s, success=False, nit=1000, nfev=1003
[trial] d=3, n=10000, b=77/100, runtime=863.71s, success=False, nit=1000, nfev=1003
[trial] d=3, n=10000, b=78/100, runtime=863.39s, success=False, nit=1000, nfev=1003
[trial] d=3, n=10000, b=79/100, runtime=863.43s, success=False, nit=1000, nfev=1003
[trial] d=3, n=10000, b=80/100, runtime=863.75s, success=False, nit=1000, nfev=1003
[trial] d=3, n=10000, b=81/100, runtime=863.65s, success=False, nit=1000, nfev=1003
[trial] d=3, n=10000, b=82/100, runtime=863.64s, success=False, nit=1000, nfev=1003
[trial] d=3, n=10000, b=83/100, runtime=863.52s, success=False, nit=1000, nfev=1003
[trial] d=3, n=10000, b=84/100, runtime=863.78s, success=False, nit=1000, nfev=1003
[trial] d=3, n=10000, b=85/100, runtime=863.68s, success=False, nit=1000, nfev=1003
[trial] d=3, n=10000, b=86/100, runtime=863.86s, success=False, nit=1000, nfev=1003
[trial] d=3, n=10000, b=87/100, runtime=863.70s, success=False, nit=1000, nfev=1003
[trial] d=3, n=10000, b=88/100, runtime=863.79s, success=False, nit=1000, nfev=1003
[trial] d=3, n=10000, b=89/100, runtime=863.78s, success=False, nit=1000, nfev=1003
[trial] d=3, n=10000, b=90/100, runtime=863.99s, success=False, nit=1000, nfev=1003
[trial] d=3, n=10000, b=91/100, runtime=864.68s, success=False, nit=1000, nfev=1003
[trial] d=3, n=10000, b=92/100, runtime=864.67s, success=False, nit=1000, nfev=1003
[trial] d=3, n=10000, b=93/100, runtime=864.66s, success=False, nit=1000, nfev=1003
[trial] d=3, n=10000, b=94/100, runtime=865.06s, success=False, nit=1000, nfev=1003
[trial] d=3, n=10000, b=95/100, runtime=864.31s, success=False, nit=1000, nfev=1003
[trial] d=3, n=10000, b=96/100, runtime=863.42s, success=False, nit=1000, nfev=1003
[trial] d=3, n=10000, b=97/100, runtime=864.26s, success=False, nit=1000, nfev=1003
[trial] d=3, n=10000, b=98/100, runtime=864.32s, success=False, nit=1000, nfev=1003
[trial] d=3, n=10000, b=99/100, runtime=864.43s, success=False, nit=1000, nfev=1003
[trial] d=3, n=10000, b=100/100, runtime=864.67s, success=False, nit=1000, nfev=1003

 Summary:
 d     n   B  mean_loss  std_loss  se_loss     beta  mean_loss_over_beta
 3   100 100   0.039278  0.010236 0.001024 0.100000             0.392781
 3   300 100   0.022764  0.005708 0.000571 0.057735             0.394289
 3  1000 100   0.012540  0.002959 0.000296 0.031623             0.396560
 3  3000 100   0.006827  0.001702 0.000170 0.018257             0.373927
 3 10000 100   0.003325  0.000896 0.000090 0.010000             0.332462

Empirical log-log slope for mean loss: -0.534
Log-log slope of beta(n,3): -0.500
