Python executable: /burg-archive/home/ss6574/.conda/envs/ot-exp/bin/python
Python version: 3.11.15 | packaged by conda-forge | (main, Mar  5 2026, 16:45:40) [GCC 14.3.0]
otexp package: /burg-archive/home/ss6574/L1-rates-ot-potentials/src/otexp/__init__.py
Running new_d dimension d=3, task=1
[trial] d=3, n=100, b=1/100, runtime=1.29s, success=True, nit=110, nfev=122
[trial] d=3, n=100, b=2/100, runtime=1.43s, success=True, nit=96, nfev=106
[trial] d=3, n=100, b=3/100, runtime=1.33s, success=True, nit=86, nfev=95
[trial] d=3, n=100, b=4/100, runtime=1.09s, success=True, nit=71, nfev=82
[trial] d=3, n=100, b=5/100, runtime=1.69s, success=True, nit=107, nfev=123
[trial] d=3, n=100, b=6/100, runtime=1.16s, success=True, nit=81, nfev=86
[trial] d=3, n=100, b=7/100, runtime=0.59s, success=True, nit=39, nfev=43
[trial] d=3, n=100, b=8/100, runtime=1.08s, success=True, nit=71, nfev=81
[trial] d=3, n=100, b=9/100, runtime=1.08s, success=True, nit=75, nfev=80
[trial] d=3, n=100, b=10/100, runtime=1.58s, success=True, nit=105, nfev=118
[trial] d=3, n=100, b=11/100, runtime=1.00s, success=True, nit=68, nfev=74
[trial] d=3, n=100, b=12/100, runtime=1.81s, success=True, nit=117, nfev=135
[trial] d=3, n=100, b=13/100, runtime=0.88s, success=True, nit=61, nfev=64
[trial] d=3, n=100, b=14/100, runtime=1.00s, success=True, nit=67, nfev=74
[trial] d=3, n=100, b=15/100, runtime=1.21s, success=True, nit=76, nfev=88
[trial] d=3, n=100, b=16/100, runtime=1.02s, success=True, nit=71, nfev=75
[trial] d=3, n=100, b=17/100, runtime=1.01s, success=True, nit=66, nfev=74
[trial] d=3, n=100, b=18/100, runtime=1.00s, success=True, nit=66, nfev=73
[trial] d=3, n=100, b=19/100, runtime=0.82s, success=True, nit=57, nfev=61
[trial] d=3, n=100, b=20/100, runtime=1.29s, success=True, nit=76, nfev=90
[trial] d=3, n=100, b=21/100, runtime=1.01s, success=True, nit=69, nfev=76
[trial] d=3, n=100, b=22/100, runtime=1.18s, success=True, nit=87, nfev=91
[trial] d=3, n=100, b=23/100, runtime=0.91s, success=True, nit=64, nfev=69
[trial] d=3, n=100, b=24/100, runtime=1.46s, success=True, nit=105, nfev=113
[trial] d=3, n=100, b=25/100, runtime=1.08s, success=True, nit=76, nfev=82
[trial] d=3, n=100, b=26/100, runtime=1.82s, success=True, nit=129, nfev=140
[trial] d=3, n=100, b=27/100, runtime=1.35s, success=True, nit=90, nfev=102
[trial] d=3, n=100, b=28/100, runtime=1.53s, success=True, nit=100, nfev=114
[trial] d=3, n=100, b=29/100, runtime=1.26s, success=True, nit=88, nfev=95
[trial] d=3, n=100, b=30/100, runtime=1.54s, success=True, nit=107, nfev=117
[trial] d=3, n=100, b=31/100, runtime=1.21s, success=True, nit=86, nfev=92
[trial] d=3, n=100, b=32/100, runtime=1.36s, success=True, nit=94, nfev=104
[trial] d=3, n=100, b=33/100, runtime=1.10s, success=True, nit=75, nfev=83
[trial] d=3, n=100, b=34/100, runtime=1.81s, success=True, nit=125, nfev=137
[trial] d=3, n=100, b=35/100, runtime=1.77s, success=True, nit=123, nfev=137
[trial] d=3, n=100, b=36/100, runtime=1.47s, success=True, nit=89, nfev=97
[trial] d=3, n=100, b=37/100, runtime=0.90s, success=True, nit=65, nfev=71
[trial] d=3, n=100, b=38/100, runtime=1.37s, success=True, nit=87, nfev=93
[trial] d=3, n=100, b=39/100, runtime=1.54s, success=True, nit=82, nfev=93
[trial] d=3, n=100, b=40/100, runtime=2.91s, success=True, nit=118, nfev=132
[trial] d=3, n=100, b=41/100, runtime=1.70s, success=True, nit=106, nfev=117
[trial] d=3, n=100, b=42/100, runtime=1.63s, success=True, nit=85, nfev=95
[trial] d=3, n=100, b=43/100, runtime=0.90s, success=True, nit=58, nfev=64
[trial] d=3, n=100, b=44/100, runtime=1.05s, success=True, nit=46, nfev=48
[trial] d=3, n=100, b=45/100, runtime=0.96s, success=True, nit=40, nfev=44
[trial] d=3, n=100, b=46/100, runtime=1.42s, success=True, nit=58, nfev=63
[trial] d=3, n=100, b=47/100, runtime=1.52s, success=True, nit=75, nfev=87
[trial] d=3, n=100, b=48/100, runtime=2.19s, success=True, nit=90, nfev=99
[trial] d=3, n=100, b=49/100, runtime=1.54s, success=True, nit=85, nfev=91
[trial] d=3, n=100, b=50/100, runtime=1.28s, success=True, nit=84, nfev=94
[trial] d=3, n=100, b=51/100, runtime=1.60s, success=True, nit=100, nfev=117
[trial] d=3, n=100, b=52/100, runtime=0.67s, success=True, nit=45, nfev=49
[trial] d=3, n=100, b=53/100, runtime=1.25s, success=True, nit=77, nfev=84
[trial] d=3, n=100, b=54/100, runtime=0.90s, success=True, nit=59, nfev=64
[trial] d=3, n=100, b=55/100, runtime=1.00s, success=True, nit=71, nfev=79
[trial] d=3, n=100, b=56/100, runtime=1.12s, success=True, nit=81, nfev=88
[trial] d=3, n=100, b=57/100, runtime=1.29s, success=True, nit=94, nfev=102
[trial] d=3, n=100, b=58/100, runtime=1.55s, success=True, nit=103, nfev=111
[trial] d=3, n=100, b=59/100, runtime=1.50s, success=True, nit=105, nfev=118
[trial] d=3, n=100, b=60/100, runtime=1.29s, success=True, nit=98, nfev=109
[trial] d=3, n=100, b=61/100, runtime=1.76s, success=True, nit=128, nfev=150
[trial] d=3, n=100, b=62/100, runtime=1.61s, success=True, nit=126, nfev=139
[trial] d=3, n=100, b=63/100, runtime=1.14s, success=True, nit=83, nfev=96
[trial] d=3, n=100, b=64/100, runtime=1.41s, success=True, nit=108, nfev=120
[trial] d=3, n=100, b=65/100, runtime=1.10s, success=True, nit=83, nfev=93
[trial] d=3, n=100, b=66/100, runtime=1.11s, success=True, nit=86, nfev=93
[trial] d=3, n=100, b=67/100, runtime=1.41s, success=True, nit=105, nfev=112
[trial] d=3, n=100, b=68/100, runtime=1.42s, success=True, nit=100, nfev=116
[trial] d=3, n=100, b=69/100, runtime=0.94s, success=True, nit=69, nfev=78
[trial] d=3, n=100, b=70/100, runtime=1.14s, success=True, nit=88, nfev=95
[trial] d=3, n=100, b=71/100, runtime=0.94s, success=True, nit=63, nfev=72
[trial] d=3, n=100, b=72/100, runtime=1.28s, success=True, nit=86, nfev=97
[trial] d=3, n=100, b=73/100, runtime=1.05s, success=True, nit=73, nfev=79
[trial] d=3, n=100, b=74/100, runtime=1.40s, success=True, nit=86, nfev=96
[trial] d=3, n=100, b=75/100, runtime=0.96s, success=True, nit=73, nfev=78
[trial] d=3, n=100, b=76/100, runtime=0.80s, success=True, nit=61, nfev=65
[trial] d=3, n=100, b=77/100, runtime=1.37s, success=True, nit=105, nfev=121
[trial] d=3, n=100, b=78/100, runtime=1.13s, success=True, nit=73, nfev=80
[trial] d=3, n=100, b=79/100, runtime=1.07s, success=True, nit=82, nfev=93
[trial] d=3, n=100, b=80/100, runtime=1.46s, success=True, nit=110, nfev=124
[trial] d=3, n=100, b=81/100, runtime=0.71s, success=True, nit=55, nfev=60
[trial] d=3, n=100, b=82/100, runtime=1.33s, success=True, nit=102, nfev=118
[trial] d=3, n=100, b=83/100, runtime=1.72s, success=True, nit=136, nfev=152
[trial] d=3, n=100, b=84/100, runtime=0.83s, success=True, nit=66, nfev=75
[trial] d=3, n=100, b=85/100, runtime=0.69s, success=True, nit=57, nfev=62
[trial] d=3, n=100, b=86/100, runtime=1.41s, success=True, nit=107, nfev=119
[trial] d=3, n=100, b=87/100, runtime=1.77s, success=True, nit=125, nfev=138
[trial] d=3, n=100, b=88/100, runtime=0.95s, success=True, nit=79, nfev=84
[trial] d=3, n=100, b=89/100, runtime=0.62s, success=True, nit=50, nfev=56
[trial] d=3, n=100, b=90/100, runtime=0.90s, success=True, nit=72, nfev=80
[trial] d=3, n=100, b=91/100, runtime=1.28s, success=True, nit=101, nfev=114
[trial] d=3, n=100, b=92/100, runtime=1.26s, success=True, nit=69, nfev=73
[trial] d=3, n=100, b=93/100, runtime=1.21s, success=True, nit=53, nfev=57
[trial] d=3, n=100, b=94/100, runtime=0.81s, success=True, nit=67, nfev=72
[trial] d=3, n=100, b=95/100, runtime=1.32s, success=True, nit=105, nfev=115
[trial] d=3, n=100, b=96/100, runtime=1.92s, success=True, nit=88, nfev=96
[trial] d=3, n=100, b=97/100, runtime=1.76s, success=True, nit=78, nfev=86
[trial] d=3, n=100, b=98/100, runtime=2.03s, success=True, nit=92, nfev=100
[trial] d=3, n=100, b=99/100, runtime=0.74s, success=True, nit=64, nfev=70
[trial] d=3, n=100, b=100/100, runtime=2.03s, success=True, nit=100, nfev=114
[trial] d=3, n=300, b=1/100, runtime=14.55s, success=True, nit=343, nfev=347
[trial] d=3, n=300, b=2/100, runtime=8.22s, success=True, nit=193, nfev=196
[trial] d=3, n=300, b=3/100, runtime=14.24s, success=True, nit=318, nfev=324
[trial] d=3, n=300, b=4/100, runtime=7.69s, success=True, nit=176, nfev=179
[trial] d=3, n=300, b=5/100, runtime=7.33s, success=True, nit=167, nfev=170
[trial] d=3, n=300, b=6/100, runtime=9.01s, success=True, nit=206, nfev=211
[trial] d=3, n=300, b=7/100, runtime=8.33s, success=True, nit=193, nfev=196
[trial] d=3, n=300, b=8/100, runtime=13.89s, success=True, nit=324, nfev=330
[trial] d=3, n=300, b=9/100, runtime=8.53s, success=True, nit=202, nfev=204
[trial] d=3, n=300, b=10/100, runtime=11.51s, success=True, nit=267, nfev=269
[trial] d=3, n=300, b=11/100, runtime=13.98s, success=True, nit=313, nfev=316
[trial] d=3, n=300, b=12/100, runtime=7.63s, success=True, nit=169, nfev=172
[trial] d=3, n=300, b=13/100, runtime=8.85s, success=True, nit=196, nfev=200
[trial] d=3, n=300, b=14/100, runtime=10.15s, success=True, nit=227, nfev=230
[trial] d=3, n=300, b=15/100, runtime=16.85s, success=True, nit=378, nfev=382
[trial] d=3, n=300, b=16/100, runtime=9.73s, success=True, nit=217, nfev=220
[trial] d=3, n=300, b=17/100, runtime=11.37s, success=True, nit=255, nfev=258
[trial] d=3, n=300, b=18/100, runtime=6.67s, success=True, nit=148, nfev=151
[trial] d=3, n=300, b=19/100, runtime=13.51s, success=True, nit=304, nfev=307
[trial] d=3, n=300, b=20/100, runtime=9.40s, success=True, nit=211, nfev=214
[trial] d=3, n=300, b=21/100, runtime=12.31s, success=True, nit=278, nfev=280
[trial] d=3, n=300, b=22/100, runtime=11.38s, success=True, nit=254, nfev=258
[trial] d=3, n=300, b=23/100, runtime=11.08s, success=True, nit=244, nfev=251
[trial] d=3, n=300, b=24/100, runtime=10.70s, success=True, nit=240, nfev=242
[trial] d=3, n=300, b=25/100, runtime=6.41s, success=True, nit=142, nfev=145
[trial] d=3, n=300, b=26/100, runtime=10.95s, success=True, nit=245, nfev=248
[trial] d=3, n=300, b=27/100, runtime=9.53s, success=True, nit=211, nfev=215
[trial] d=3, n=300, b=28/100, runtime=10.81s, success=True, nit=241, nfev=245
[trial] d=3, n=300, b=29/100, runtime=13.16s, success=True, nit=288, nfev=298
[trial] d=3, n=300, b=30/100, runtime=10.11s, success=True, nit=225, nfev=229
[trial] d=3, n=300, b=31/100, runtime=8.41s, success=True, nit=186, nfev=190
[trial] d=3, n=300, b=32/100, runtime=14.13s, success=True, nit=314, nfev=320
[trial] d=3, n=300, b=33/100, runtime=5.82s, success=True, nit=136, nfev=138
[trial] d=3, n=300, b=34/100, runtime=10.89s, success=True, nit=258, nfev=264
[trial] d=3, n=300, b=35/100, runtime=11.27s, success=True, nit=270, nfev=274
[trial] d=3, n=300, b=36/100, runtime=14.59s, success=True, nit=359, nfev=362
[trial] d=3, n=300, b=37/100, runtime=4.22s, success=True, nit=105, nfev=107
[trial] d=3, n=300, b=38/100, runtime=9.68s, success=True, nit=221, nfev=224
[trial] d=3, n=300, b=39/100, runtime=4.46s, success=True, nit=100, nfev=102
[trial] d=3, n=300, b=40/100, runtime=14.21s, success=True, nit=324, nfev=327
[trial] d=3, n=300, b=41/100, runtime=8.32s, success=True, nit=189, nfev=191
[trial] d=3, n=300, b=42/100, runtime=13.15s, success=True, nit=306, nfev=312
[trial] d=3, n=300, b=43/100, runtime=8.29s, success=True, nit=212, nfev=214
[trial] d=3, n=300, b=44/100, runtime=8.10s, success=True, nit=187, nfev=193
[trial] d=3, n=300, b=45/100, runtime=10.29s, success=True, nit=233, nfev=236
[trial] d=3, n=300, b=46/100, runtime=10.46s, success=True, nit=236, nfev=240
[trial] d=3, n=300, b=47/100, runtime=13.46s, success=True, nit=306, nfev=309
[trial] d=3, n=300, b=48/100, runtime=7.84s, success=True, nit=177, nfev=180
[trial] d=3, n=300, b=49/100, runtime=9.39s, success=True, nit=214, nfev=216
[trial] d=3, n=300, b=50/100, runtime=13.34s, success=True, nit=301, nfev=306
[trial] d=3, n=300, b=51/100, runtime=12.14s, success=True, nit=275, nfev=279
[trial] d=3, n=300, b=52/100, runtime=6.22s, success=True, nit=139, nfev=143
[trial] d=3, n=300, b=53/100, runtime=5.90s, success=True, nit=131, nfev=135
[trial] d=3, n=300, b=54/100, runtime=9.46s, success=True, nit=215, nfev=217
[trial] d=3, n=300, b=55/100, runtime=11.22s, success=True, nit=255, nfev=258
[trial] d=3, n=300, b=56/100, runtime=9.37s, success=True, nit=212, nfev=215
[trial] d=3, n=300, b=57/100, runtime=7.93s, success=True, nit=176, nfev=182
[trial] d=3, n=300, b=58/100, runtime=5.46s, success=True, nit=122, nfev=125
[trial] d=3, n=300, b=59/100, runtime=12.71s, success=True, nit=290, nfev=292
[trial] d=3, n=300, b=60/100, runtime=12.53s, success=True, nit=286, nfev=288
[trial] d=3, n=300, b=61/100, runtime=12.91s, success=True, nit=294, nfev=297
[trial] d=3, n=300, b=62/100, runtime=9.10s, success=True, nit=207, nfev=209
[trial] d=3, n=300, b=63/100, runtime=13.26s, success=True, nit=296, nfev=304
[trial] d=3, n=300, b=64/100, runtime=12.96s, success=True, nit=290, nfev=298
[trial] d=3, n=300, b=65/100, runtime=12.06s, success=True, nit=274, nfev=277
[trial] d=3, n=300, b=66/100, runtime=9.38s, success=True, nit=213, nfev=215
[trial] d=3, n=300, b=67/100, runtime=8.60s, success=True, nit=195, nfev=197
[trial] d=3, n=300, b=68/100, runtime=13.06s, success=True, nit=297, nfev=300
[trial] d=3, n=300, b=69/100, runtime=11.03s, success=True, nit=250, nfev=253
[trial] d=3, n=300, b=70/100, runtime=12.62s, success=True, nit=288, nfev=290
[trial] d=3, n=300, b=71/100, runtime=8.86s, success=True, nit=199, nfev=203
[trial] d=3, n=300, b=72/100, runtime=11.18s, success=True, nit=250, nfev=256
[trial] d=3, n=300, b=73/100, runtime=8.96s, success=True, nit=203, nfev=205
[trial] d=3, n=300, b=74/100, runtime=12.37s, success=True, nit=279, nfev=283
[trial] d=3, n=300, b=75/100, runtime=12.65s, success=True, nit=287, nfev=290
[trial] d=3, n=300, b=76/100, runtime=14.34s, success=True, nit=326, nfev=329
[trial] d=3, n=300, b=77/100, runtime=10.48s, success=True, nit=236, nfev=240
[trial] d=3, n=300, b=78/100, runtime=11.08s, success=True, nit=251, nfev=254
[trial] d=3, n=300, b=79/100, runtime=11.08s, success=True, nit=251, nfev=254
[trial] d=3, n=300, b=80/100, runtime=11.64s, success=True, nit=263, nfev=267
[trial] d=3, n=300, b=81/100, runtime=12.70s, success=True, nit=288, nfev=291
[trial] d=3, n=300, b=82/100, runtime=8.08s, success=True, nit=183, nfev=185
[trial] d=3, n=300, b=83/100, runtime=5.86s, success=True, nit=131, nfev=134
[trial] d=3, n=300, b=84/100, runtime=14.17s, success=True, nit=321, nfev=324
[trial] d=3, n=300, b=85/100, runtime=12.12s, success=True, nit=271, nfev=278
[trial] d=3, n=300, b=86/100, runtime=9.60s, success=True, nit=217, nfev=220
[trial] d=3, n=300, b=87/100, runtime=8.26s, success=True, nit=186, nfev=189
[trial] d=3, n=300, b=88/100, runtime=11.03s, success=True, nit=249, nfev=253
[trial] d=3, n=300, b=89/100, runtime=14.68s, success=True, nit=333, nfev=337
[trial] d=3, n=300, b=90/100, runtime=9.52s, success=True, nit=216, nfev=218
[trial] d=3, n=300, b=91/100, runtime=7.99s, success=True, nit=175, nfev=183
[trial] d=3, n=300, b=92/100, runtime=10.19s, success=True, nit=232, nfev=234
[trial] d=3, n=300, b=93/100, runtime=10.59s, success=True, nit=239, nfev=243
[trial] d=3, n=300, b=94/100, runtime=10.38s, success=True, nit=235, nfev=238
[trial] d=3, n=300, b=95/100, runtime=9.20s, success=True, nit=209, nfev=211
[trial] d=3, n=300, b=96/100, runtime=8.74s, success=True, nit=197, nfev=199
[trial] d=3, n=300, b=97/100, runtime=7.86s, success=True, nit=178, nfev=183
[trial] d=3, n=300, b=98/100, runtime=8.24s, success=True, nit=203, nfev=206
[trial] d=3, n=300, b=99/100, runtime=8.78s, success=True, nit=215, nfev=220
[trial] d=3, n=300, b=100/100, runtime=7.75s, success=True, nit=190, nfev=194
[trial] d=3, n=1000, b=1/100, runtime=44.62s, success=True, nit=380, nfev=383
[trial] d=3, n=1000, b=2/100, runtime=47.33s, success=True, nit=403, nfev=406
[trial] d=3, n=1000, b=3/100, runtime=54.40s, success=True, nit=465, nfev=468
[trial] d=3, n=1000, b=4/100, runtime=31.76s, success=True, nit=269, nfev=273
[trial] d=3, n=1000, b=5/100, runtime=65.48s, success=True, nit=535, nfev=538
[trial] d=3, n=1000, b=6/100, runtime=58.21s, success=True, nit=452, nfev=455
[trial] d=3, n=1000, b=7/100, runtime=40.04s, success=True, nit=309, nfev=312
[trial] d=3, n=1000, b=8/100, runtime=53.76s, success=True, nit=411, nfev=419
[trial] d=3, n=1000, b=9/100, runtime=33.40s, success=True, nit=255, nfev=260
[trial] d=3, n=1000, b=10/100, runtime=35.61s, success=True, nit=274, nfev=277
[trial] d=3, n=1000, b=11/100, runtime=72.99s, success=True, nit=566, nfev=569
[trial] d=3, n=1000, b=12/100, runtime=55.70s, success=True, nit=429, nfev=434
[trial] d=3, n=1000, b=13/100, runtime=31.62s, success=True, nit=244, nfev=246
[trial] d=3, n=1000, b=14/100, runtime=37.25s, success=True, nit=287, nfev=290
[trial] d=3, n=1000, b=15/100, runtime=42.05s, success=True, nit=325, nfev=327
[trial] d=3, n=1000, b=16/100, runtime=24.83s, success=True, nit=197, nfev=199
[trial] d=3, n=1000, b=17/100, runtime=39.93s, success=True, nit=330, nfev=334
[trial] d=3, n=1000, b=18/100, runtime=37.14s, success=True, nit=318, nfev=320
[trial] d=3, n=1000, b=19/100, runtime=27.68s, success=True, nit=236, nfev=238
[trial] d=3, n=1000, b=20/100, runtime=18.74s, success=True, nit=159, nfev=161
[trial] d=3, n=1000, b=21/100, runtime=53.61s, success=True, nit=457, nfev=462
[trial] d=3, n=1000, b=22/100, runtime=35.63s, success=True, nit=305, nfev=307
[trial] d=3, n=1000, b=23/100, runtime=35.15s, success=True, nit=301, nfev=303
[trial] d=3, n=1000, b=24/100, runtime=42.41s, success=True, nit=363, nfev=366
[trial] d=3, n=1000, b=25/100, runtime=41.61s, success=True, nit=355, nfev=359
[trial] d=3, n=1000, b=26/100, runtime=27.84s, success=True, nit=238, nfev=240
[trial] d=3, n=1000, b=27/100, runtime=46.22s, success=True, nit=396, nfev=398
[trial] d=3, n=1000, b=28/100, runtime=36.94s, success=True, nit=315, nfev=317
[trial] d=3, n=1000, b=29/100, runtime=44.55s, success=True, nit=376, nfev=380
[trial] d=3, n=1000, b=30/100, runtime=47.75s, success=True, nit=405, nfev=408
[trial] d=3, n=1000, b=31/100, runtime=36.61s, success=True, nit=313, nfev=315
[trial] d=3, n=1000, b=32/100, runtime=43.45s, success=True, nit=367, nfev=371
[trial] d=3, n=1000, b=33/100, runtime=56.60s, success=True, nit=483, nfev=485
[trial] d=3, n=1000, b=34/100, runtime=40.68s, success=True, nit=346, nfev=349
[trial] d=3, n=1000, b=35/100, runtime=40.78s, success=True, nit=347, nfev=350
[trial] d=3, n=1000, b=36/100, runtime=49.70s, success=True, nit=424, nfev=427
[trial] d=3, n=1000, b=37/100, runtime=50.59s, success=True, nit=430, nfev=433
[trial] d=3, n=1000, b=38/100, runtime=44.44s, success=True, nit=375, nfev=377
[trial] d=3, n=1000, b=39/100, runtime=48.82s, success=True, nit=413, nfev=416
[trial] d=3, n=1000, b=40/100, runtime=34.35s, success=True, nit=291, nfev=293
[trial] d=3, n=1000, b=41/100, runtime=34.91s, success=True, nit=295, nfev=298
[trial] d=3, n=1000, b=42/100, runtime=54.63s, success=True, nit=460, nfev=466
[trial] d=3, n=1000, b=43/100, runtime=57.18s, success=True, nit=450, nfev=454
[trial] d=3, n=1000, b=44/100, runtime=39.27s, success=True, nit=305, nfev=308
[trial] d=3, n=1000, b=45/100, runtime=71.14s, success=True, nit=528, nfev=532
[trial] d=3, n=1000, b=46/100, runtime=43.30s, success=True, nit=319, nfev=321
[trial] d=3, n=1000, b=47/100, runtime=53.64s, success=True, nit=396, nfev=398
[trial] d=3, n=1000, b=48/100, runtime=68.07s, success=True, nit=501, nfev=505
[trial] d=3, n=1000, b=49/100, runtime=44.43s, success=True, nit=327, nfev=329
[trial] d=3, n=1000, b=50/100, runtime=54.46s, success=True, nit=399, nfev=404
[trial] d=3, n=1000, b=51/100, runtime=53.38s, success=True, nit=392, nfev=396
[trial] d=3, n=1000, b=52/100, runtime=44.75s, success=True, nit=331, nfev=333
[trial] d=3, n=1000, b=53/100, runtime=63.96s, success=True, nit=471, nfev=476
[trial] d=3, n=1000, b=54/100, runtime=58.62s, success=True, nit=430, nfev=435
[trial] d=3, n=1000, b=55/100, runtime=55.62s, success=True, nit=410, nfev=413
[trial] d=3, n=1000, b=56/100, runtime=62.13s, success=True, nit=457, nfev=460
[trial] d=3, n=1000, b=57/100, runtime=47.42s, success=True, nit=349, nfev=351
[trial] d=3, n=1000, b=58/100, runtime=50.29s, success=True, nit=369, nfev=371
[trial] d=3, n=1000, b=59/100, runtime=47.97s, success=True, nit=351, nfev=354
[trial] d=3, n=1000, b=60/100, runtime=53.60s, success=True, nit=392, nfev=396
[trial] d=3, n=1000, b=61/100, runtime=67.87s, success=True, nit=498, nfev=501
[trial] d=3, n=1000, b=62/100, runtime=47.25s, success=True, nit=344, nfev=349
[trial] d=3, n=1000, b=63/100, runtime=45.01s, success=True, nit=331, nfev=333
[trial] d=3, n=1000, b=64/100, runtime=45.71s, success=True, nit=336, nfev=338
[trial] d=3, n=1000, b=65/100, runtime=78.56s, success=True, nit=582, nfev=584
[trial] d=3, n=1000, b=66/100, runtime=60.25s, success=True, nit=444, nfev=447
[trial] d=3, n=1000, b=67/100, runtime=67.86s, success=True, nit=502, nfev=504
[trial] d=3, n=1000, b=68/100, runtime=52.72s, success=True, nit=386, nfev=388
[trial] d=3, n=1000, b=69/100, runtime=47.24s, success=True, nit=347, nfev=349
[trial] d=3, n=1000, b=70/100, runtime=51.20s, success=True, nit=374, nfev=378
[trial] d=3, n=1000, b=71/100, runtime=57.31s, success=True, nit=422, nfev=424
[trial] d=3, n=1000, b=72/100, runtime=42.75s, success=True, nit=315, nfev=317
[trial] d=3, n=1000, b=73/100, runtime=48.58s, success=True, nit=356, nfev=359
[trial] d=3, n=1000, b=74/100, runtime=57.56s, success=True, nit=425, nfev=427
[trial] d=3, n=1000, b=75/100, runtime=63.21s, success=True, nit=465, nfev=470
[trial] d=3, n=1000, b=76/100, runtime=55.97s, success=True, nit=412, nfev=416
[trial] d=3, n=1000, b=77/100, runtime=64.02s, success=True, nit=471, nfev=476
[trial] d=3, n=1000, b=78/100, runtime=55.04s, success=True, nit=406, nfev=410
[trial] d=3, n=1000, b=79/100, runtime=49.80s, success=True, nit=366, nfev=370
[trial] d=3, n=1000, b=80/100, runtime=45.54s, success=True, nit=331, nfev=338
[trial] d=3, n=1000, b=81/100, runtime=70.64s, success=True, nit=522, nfev=525
[trial] d=3, n=1000, b=82/100, runtime=55.36s, success=True, nit=408, nfev=411
[trial] d=3, n=1000, b=83/100, runtime=30.24s, success=True, nit=222, nfev=224
[trial] d=3, n=1000, b=84/100, runtime=58.30s, success=True, nit=428, nfev=435
[trial] d=3, n=1000, b=85/100, runtime=39.04s, success=True, nit=291, nfev=293
[trial] d=3, n=1000, b=86/100, runtime=56.41s, success=True, nit=420, nfev=423
[trial] d=3, n=1000, b=87/100, runtime=47.29s, success=True, nit=351, nfev=354
[trial] d=3, n=1000, b=88/100, runtime=60.47s, success=True, nit=451, nfev=454
[trial] d=3, n=1000, b=89/100, runtime=70.41s, success=True, nit=521, nfev=528
[trial] d=3, n=1000, b=90/100, runtime=67.72s, success=True, nit=502, nfev=507
[trial] d=3, n=1000, b=91/100, runtime=49.76s, success=True, nit=366, nfev=373
[trial] d=3, n=1000, b=92/100, runtime=41.69s, success=True, nit=309, nfev=312
[trial] d=3, n=1000, b=93/100, runtime=55.19s, success=True, nit=412, nfev=414
[trial] d=3, n=1000, b=94/100, runtime=55.90s, success=True, nit=415, nfev=419
[trial] d=3, n=1000, b=95/100, runtime=35.53s, success=True, nit=261, nfev=265
[trial] d=3, n=1000, b=96/100, runtime=59.79s, success=True, nit=447, nfev=450
[trial] d=3, n=1000, b=97/100, runtime=44.65s, success=True, nit=332, nfev=335
[trial] d=3, n=1000, b=98/100, runtime=41.88s, success=True, nit=311, nfev=315
[trial] d=3, n=1000, b=99/100, runtime=43.71s, success=True, nit=327, nfev=329
[trial] d=3, n=1000, b=100/100, runtime=36.93s, success=True, nit=276, nfev=278
[trial] d=3, n=3000, b=1/100, runtime=469.61s, success=False, nit=1000, nfev=1003
[trial] d=3, n=3000, b=2/100, runtime=468.61s, success=False, nit=1000, nfev=1003
[trial] d=3, n=3000, b=3/100, runtime=471.32s, success=False, nit=1000, nfev=1003
[trial] d=3, n=3000, b=4/100, runtime=471.15s, success=False, nit=1000, nfev=1003
[trial] d=3, n=3000, b=5/100, runtime=469.87s, success=False, nit=1000, nfev=1003
[trial] d=3, n=3000, b=6/100, runtime=471.58s, success=False, nit=1000, nfev=1003
[trial] d=3, n=3000, b=7/100, runtime=471.34s, success=False, nit=1000, nfev=1003
[trial] d=3, n=3000, b=8/100, runtime=472.43s, success=False, nit=1000, nfev=1003
[trial] d=3, n=3000, b=9/100, runtime=469.11s, success=False, nit=1000, nfev=1003
[trial] d=3, n=3000, b=10/100, runtime=467.86s, success=True, nit=990, nfev=993
[trial] d=3, n=3000, b=11/100, runtime=471.37s, success=False, nit=1000, nfev=1003
[trial] d=3, n=3000, b=12/100, runtime=471.01s, success=False, nit=1000, nfev=1003
[trial] d=3, n=3000, b=13/100, runtime=474.13s, success=False, nit=1000, nfev=1003
[trial] d=3, n=3000, b=14/100, runtime=474.40s, success=False, nit=1000, nfev=1003
[trial] d=3, n=3000, b=15/100, runtime=471.48s, success=False, nit=1000, nfev=1003
[trial] d=3, n=3000, b=16/100, runtime=472.30s, success=False, nit=1000, nfev=1003
[trial] d=3, n=3000, b=17/100, runtime=476.90s, success=False, nit=1000, nfev=1003
[trial] d=3, n=3000, b=18/100, runtime=476.09s, success=False, nit=1000, nfev=1003
[trial] d=3, n=3000, b=19/100, runtime=476.52s, success=False, nit=1000, nfev=1003
[trial] d=3, n=3000, b=20/100, runtime=476.87s, success=False, nit=1000, nfev=1003
[trial] d=3, n=3000, b=21/100, runtime=476.61s, success=False, nit=1000, nfev=1003
[trial] d=3, n=3000, b=22/100, runtime=472.59s, success=False, nit=1000, nfev=1003
[trial] d=3, n=3000, b=23/100, runtime=474.11s, success=False, nit=1000, nfev=1003
[trial] d=3, n=3000, b=24/100, runtime=473.49s, success=False, nit=1000, nfev=1003
[trial] d=3, n=3000, b=25/100, runtime=473.87s, success=False, nit=1000, nfev=1002
[trial] d=3, n=3000, b=26/100, runtime=472.59s, success=False, nit=1000, nfev=1003
[trial] d=3, n=3000, b=27/100, runtime=423.53s, success=True, nit=894, nfev=897
[trial] d=3, n=3000, b=28/100, runtime=478.86s, success=False, nit=1000, nfev=1003
[trial] d=3, n=3000, b=29/100, runtime=476.61s, success=False, nit=1000, nfev=1003
[trial] d=3, n=3000, b=30/100, runtime=483.24s, success=False, nit=1000, nfev=1003
[trial] d=3, n=3000, b=31/100, runtime=478.04s, success=False, nit=1000, nfev=1003
[trial] d=3, n=3000, b=32/100, runtime=481.30s, success=False, nit=1000, nfev=1003
[trial] d=3, n=3000, b=33/100, runtime=484.17s, success=False, nit=1000, nfev=1003
[trial] d=3, n=3000, b=34/100, runtime=521.58s, success=False, nit=1000, nfev=1003
[trial] d=3, n=3000, b=35/100, runtime=514.57s, success=False, nit=1000, nfev=1003
[trial] d=3, n=3000, b=36/100, runtime=498.28s, success=False, nit=1000, nfev=1003
[trial] d=3, n=3000, b=37/100, runtime=444.11s, success=True, nit=910, nfev=913
[trial] d=3, n=3000, b=38/100, runtime=477.07s, success=False, nit=1000, nfev=1003
[trial] d=3, n=3000, b=39/100, runtime=492.47s, success=False, nit=1000, nfev=1003
[trial] d=3, n=3000, b=40/100, runtime=495.69s, success=False, nit=1000, nfev=1003
[trial] d=3, n=3000, b=41/100, runtime=486.84s, success=False, nit=1000, nfev=1003
[trial] d=3, n=3000, b=42/100, runtime=505.35s, success=False, nit=1000, nfev=1003
[trial] d=3, n=3000, b=43/100, runtime=533.64s, success=False, nit=1000, nfev=1003
[trial] d=3, n=3000, b=44/100, runtime=533.89s, success=False, nit=1000, nfev=1003
[trial] d=3, n=3000, b=45/100, runtime=534.88s, success=False, nit=1000, nfev=1003
[trial] d=3, n=3000, b=46/100, runtime=510.51s, success=False, nit=1000, nfev=1003
[trial] d=3, n=3000, b=47/100, runtime=380.98s, success=False, nit=1000, nfev=1003
[trial] d=3, n=3000, b=48/100, runtime=431.93s, success=False, nit=1000, nfev=1003
[trial] d=3, n=3000, b=49/100, runtime=429.47s, success=False, nit=1000, nfev=1003
[trial] d=3, n=3000, b=50/100, runtime=430.11s, success=False, nit=1000, nfev=1003
[trial] d=3, n=3000, b=51/100, runtime=431.15s, success=False, nit=1000, nfev=1003
[trial] d=3, n=3000, b=52/100, runtime=432.26s, success=False, nit=1000, nfev=1003
[trial] d=3, n=3000, b=53/100, runtime=452.58s, success=False, nit=1000, nfev=1003
[trial] d=3, n=3000, b=54/100, runtime=477.02s, success=False, nit=1000, nfev=1003
[trial] d=3, n=3000, b=55/100, runtime=476.95s, success=False, nit=1000, nfev=1003
[trial] d=3, n=3000, b=56/100, runtime=480.63s, success=False, nit=1000, nfev=1003
[trial] d=3, n=3000, b=57/100, runtime=480.37s, success=False, nit=1000, nfev=1003
[trial] d=3, n=3000, b=58/100, runtime=479.11s, success=False, nit=1000, nfev=1003
[trial] d=3, n=3000, b=59/100, runtime=478.93s, success=False, nit=1000, nfev=1003
[trial] d=3, n=3000, b=60/100, runtime=478.78s, success=False, nit=1000, nfev=1003
[trial] d=3, n=3000, b=61/100, runtime=476.41s, success=False, nit=1000, nfev=1003
[trial] d=3, n=3000, b=62/100, runtime=478.30s, success=False, nit=1000, nfev=1003
[trial] d=3, n=3000, b=63/100, runtime=478.19s, success=False, nit=1000, nfev=1003
[trial] d=3, n=3000, b=64/100, runtime=479.85s, success=False, nit=1000, nfev=1003
[trial] d=3, n=3000, b=65/100, runtime=477.61s, success=False, nit=1000, nfev=1003
[trial] d=3, n=3000, b=66/100, runtime=457.88s, success=True, nit=953, nfev=956
[trial] d=3, n=3000, b=67/100, runtime=477.88s, success=False, nit=1000, nfev=1003
[trial] d=3, n=3000, b=68/100, runtime=478.93s, success=False, nit=1000, nfev=1003
[trial] d=3, n=3000, b=69/100, runtime=468.43s, success=False, nit=1000, nfev=1003
[trial] d=3, n=3000, b=70/100, runtime=474.75s, success=False, nit=1000, nfev=1003
[trial] d=3, n=3000, b=71/100, runtime=474.01s, success=False, nit=1000, nfev=1003
[trial] d=3, n=3000, b=72/100, runtime=473.25s, success=False, nit=1000, nfev=1003
[trial] d=3, n=3000, b=73/100, runtime=473.38s, success=False, nit=1000, nfev=1003
[trial] d=3, n=3000, b=74/100, runtime=475.13s, success=False, nit=1000, nfev=1003
[trial] d=3, n=3000, b=75/100, runtime=473.88s, success=False, nit=1000, nfev=1003
[trial] d=3, n=3000, b=76/100, runtime=481.59s, success=False, nit=1000, nfev=1003
[trial] d=3, n=3000, b=77/100, runtime=482.10s, success=False, nit=1000, nfev=1003
[trial] d=3, n=3000, b=78/100, runtime=476.67s, success=False, nit=1000, nfev=1003
[trial] d=3, n=3000, b=79/100, runtime=478.08s, success=False, nit=1000, nfev=1003
[trial] d=3, n=3000, b=80/100, runtime=476.45s, success=False, nit=1000, nfev=1003
[trial] d=3, n=3000, b=81/100, runtime=475.55s, success=False, nit=1000, nfev=1003
[trial] d=3, n=3000, b=82/100, runtime=480.74s, success=False, nit=1000, nfev=1003
[trial] d=3, n=3000, b=83/100, runtime=478.65s, success=False, nit=1000, nfev=1003
[trial] d=3, n=3000, b=84/100, runtime=480.25s, success=False, nit=1000, nfev=1003
[trial] d=3, n=3000, b=85/100, runtime=477.44s, success=False, nit=1000, nfev=1003
[trial] d=3, n=3000, b=86/100, runtime=475.80s, success=False, nit=1000, nfev=1003
[trial] d=3, n=3000, b=87/100, runtime=475.24s, success=False, nit=1000, nfev=1003
[trial] d=3, n=3000, b=88/100, runtime=347.67s, success=True, nit=730, nfev=733
[trial] d=3, n=3000, b=89/100, runtime=474.76s, success=False, nit=1000, nfev=1003
[trial] d=3, n=3000, b=90/100, runtime=461.08s, success=True, nit=967, nfev=970
[trial] d=3, n=3000, b=91/100, runtime=481.87s, success=False, nit=1000, nfev=1003
[trial] d=3, n=3000, b=92/100, runtime=522.16s, success=False, nit=1000, nfev=1003
[trial] d=3, n=3000, b=93/100, runtime=522.64s, success=False, nit=1000, nfev=1003
[trial] d=3, n=3000, b=94/100, runtime=525.68s, success=False, nit=1000, nfev=1003
[trial] d=3, n=3000, b=95/100, runtime=535.83s, success=False, nit=1000, nfev=1003
[trial] d=3, n=3000, b=96/100, runtime=541.65s, success=False, nit=1000, nfev=1003
[trial] d=3, n=3000, b=97/100, runtime=540.40s, success=False, nit=1000, nfev=1003
[trial] d=3, n=3000, b=98/100, runtime=532.64s, success=False, nit=1000, nfev=1003
[trial] d=3, n=3000, b=99/100, runtime=525.74s, success=False, nit=1000, nfev=1003
[trial] d=3, n=3000, b=100/100, runtime=517.36s, success=False, nit=1000, nfev=1003

 Summary:
 d    n   B  mean_loss  std_loss  se_loss     beta  mean_loss_over_beta
 3  100 100   0.039278  0.010236 0.001024 0.100000             0.392781
 3  300 100   0.022764  0.005708 0.000571 0.057735             0.394289
 3 1000 100   0.012540  0.002959 0.000296 0.031623             0.396560
 3 3000 100   0.006827  0.001702 0.000170 0.018257             0.373927

Empirical log-log slope for mean loss: -0.512
Log-log slope of beta(n,3): -0.500
