Python executable: /burg-archive/home/ss6574/.conda/envs/ot-exp/bin/python
Python version: 3.11.15 | packaged by conda-forge | (main, Mar  5 2026, 16:45:40) [GCC 14.3.0]
otexp package: /burg-archive/home/ss6574/L1-rates-ot-potentials/src/otexp/__init__.py
Running new_d dimension d=2, task=0
[trial] d=2, n=100, b=1/100, runtime=1.44s, success=True, nit=119, nfev=129
[trial] d=2, n=100, b=2/100, runtime=0.90s, success=True, nit=75, nfev=81
[trial] d=2, n=100, b=3/100, runtime=1.20s, success=True, nit=102, nfev=109
[trial] d=2, n=100, b=4/100, runtime=1.49s, success=True, nit=131, nfev=139
[trial] d=2, n=100, b=5/100, runtime=1.21s, success=True, nit=107, nfev=111
[trial] d=2, n=100, b=6/100, runtime=1.16s, success=True, nit=101, nfev=106
[trial] d=2, n=100, b=7/100, runtime=1.61s, success=True, nit=140, nfev=149
[trial] d=2, n=100, b=8/100, runtime=1.63s, success=True, nit=143, nfev=151
[trial] d=2, n=100, b=9/100, runtime=1.32s, success=True, nit=114, nfev=122
[trial] d=2, n=100, b=10/100, runtime=1.18s, success=True, nit=104, nfev=109
[trial] d=2, n=100, b=11/100, runtime=2.02s, success=True, nit=177, nfev=193
[trial] d=2, n=100, b=12/100, runtime=1.50s, success=True, nit=133, nfev=142
[trial] d=2, n=100, b=13/100, runtime=1.80s, success=True, nit=163, nfev=172
[trial] d=2, n=100, b=14/100, runtime=1.14s, success=True, nit=104, nfev=108
[trial] d=2, n=100, b=15/100, runtime=1.62s, success=True, nit=146, nfev=155
[trial] d=2, n=100, b=16/100, runtime=1.34s, success=True, nit=126, nfev=131
[trial] d=2, n=100, b=17/100, runtime=1.17s, success=True, nit=107, nfev=114
[trial] d=2, n=100, b=18/100, runtime=1.53s, success=True, nit=137, nfev=143
[trial] d=2, n=100, b=19/100, runtime=1.46s, success=True, nit=127, nfev=135
[trial] d=2, n=100, b=20/100, runtime=1.92s, success=True, nit=169, nfev=181
[trial] d=2, n=100, b=21/100, runtime=1.06s, success=True, nit=95, nfev=101
[trial] d=2, n=100, b=22/100, runtime=1.43s, success=True, nit=132, nfev=140
[trial] d=2, n=100, b=23/100, runtime=1.40s, success=True, nit=129, nfev=136
[trial] d=2, n=100, b=24/100, runtime=1.48s, success=True, nit=131, nfev=142
[trial] d=2, n=100, b=25/100, runtime=1.42s, success=True, nit=127, nfev=136
[trial] d=2, n=100, b=26/100, runtime=1.30s, success=True, nit=115, nfev=124
[trial] d=2, n=100, b=27/100, runtime=1.44s, success=True, nit=130, nfev=137
[trial] d=2, n=100, b=28/100, runtime=0.93s, success=True, nit=85, nfev=88
[trial] d=2, n=100, b=29/100, runtime=1.55s, success=True, nit=139, nfev=148
[trial] d=2, n=100, b=30/100, runtime=1.60s, success=True, nit=139, nfev=153
[trial] d=2, n=100, b=31/100, runtime=1.82s, success=True, nit=164, nfev=175
[trial] d=2, n=100, b=32/100, runtime=1.19s, success=True, nit=109, nfev=119
[trial] d=2, n=100, b=33/100, runtime=1.09s, success=True, nit=97, nfev=102
[trial] d=2, n=100, b=34/100, runtime=1.20s, success=True, nit=99, nfev=108
[trial] d=2, n=100, b=35/100, runtime=1.58s, success=True, nit=138, nfev=149
[trial] d=2, n=100, b=36/100, runtime=1.70s, success=True, nit=147, nfev=161
[trial] d=2, n=100, b=37/100, runtime=1.13s, success=True, nit=97, nfev=108
[trial] d=2, n=100, b=38/100, runtime=1.40s, success=True, nit=128, nfev=136
[trial] d=2, n=100, b=39/100, runtime=1.50s, success=True, nit=133, nfev=144
[trial] d=2, n=100, b=40/100, runtime=1.82s, success=True, nit=162, nfev=173
[trial] d=2, n=100, b=41/100, runtime=1.45s, success=True, nit=130, nfev=137
[trial] d=2, n=100, b=42/100, runtime=1.37s, success=True, nit=123, nfev=129
[trial] d=2, n=100, b=43/100, runtime=1.40s, success=True, nit=125, nfev=134
[trial] d=2, n=100, b=44/100, runtime=1.99s, success=True, nit=175, nfev=189
[trial] d=2, n=100, b=45/100, runtime=1.40s, success=True, nit=127, nfev=134
[trial] d=2, n=100, b=46/100, runtime=0.88s, success=True, nit=79, nfev=86
[trial] d=2, n=100, b=47/100, runtime=0.96s, success=True, nit=86, nfev=92
[trial] d=2, n=100, b=48/100, runtime=1.09s, success=True, nit=99, nfev=103
[trial] d=2, n=100, b=49/100, runtime=1.23s, success=True, nit=111, nfev=114
[trial] d=2, n=100, b=50/100, runtime=1.73s, success=True, nit=148, nfev=159
[trial] d=2, n=100, b=51/100, runtime=1.52s, success=True, nit=131, nfev=138
[trial] d=2, n=100, b=52/100, runtime=1.53s, success=True, nit=132, nfev=141
[trial] d=2, n=100, b=53/100, runtime=1.13s, success=True, nit=98, nfev=102
[trial] d=2, n=100, b=54/100, runtime=1.17s, success=True, nit=102, nfev=107
[trial] d=2, n=100, b=55/100, runtime=1.11s, success=True, nit=101, nfev=107
[trial] d=2, n=100, b=56/100, runtime=1.06s, success=True, nit=93, nfev=101
[trial] d=2, n=100, b=57/100, runtime=1.86s, success=True, nit=161, nfev=173
[trial] d=2, n=100, b=58/100, runtime=1.75s, success=True, nit=157, nfev=169
[trial] d=2, n=100, b=59/100, runtime=1.36s, success=True, nit=126, nfev=133
[trial] d=2, n=100, b=60/100, runtime=1.25s, success=True, nit=114, nfev=120
[trial] d=2, n=100, b=61/100, runtime=1.42s, success=True, nit=126, nfev=134
[trial] d=2, n=100, b=62/100, runtime=0.99s, success=True, nit=86, nfev=94
[trial] d=2, n=100, b=63/100, runtime=1.51s, success=True, nit=141, nfev=149
[trial] d=2, n=100, b=64/100, runtime=0.94s, success=True, nit=87, nfev=91
[trial] d=2, n=100, b=65/100, runtime=1.76s, success=True, nit=159, nfev=171
[trial] d=2, n=100, b=66/100, runtime=1.03s, success=True, nit=88, nfev=95
[trial] d=2, n=100, b=67/100, runtime=2.01s, success=True, nit=175, nfev=193
[trial] d=2, n=100, b=68/100, runtime=0.90s, success=True, nit=83, nfev=87
[trial] d=2, n=100, b=69/100, runtime=1.81s, success=True, nit=166, nfev=176
[trial] d=2, n=100, b=70/100, runtime=0.97s, success=True, nit=87, nfev=94
[trial] d=2, n=100, b=71/100, runtime=1.63s, success=True, nit=143, nfev=147
[trial] d=2, n=100, b=72/100, runtime=1.48s, success=True, nit=131, nfev=139
[trial] d=2, n=100, b=73/100, runtime=1.20s, success=True, nit=109, nfev=114
[trial] d=2, n=100, b=74/100, runtime=1.86s, success=True, nit=150, nfev=162
[trial] d=2, n=100, b=75/100, runtime=1.29s, success=True, nit=103, nfev=111
[trial] d=2, n=100, b=76/100, runtime=0.78s, success=True, nit=70, nfev=72
[trial] d=2, n=100, b=77/100, runtime=1.52s, success=True, nit=137, nfev=143
[trial] d=2, n=100, b=78/100, runtime=1.48s, success=True, nit=133, nfev=138
[trial] d=2, n=100, b=79/100, runtime=1.44s, success=True, nit=125, nfev=135
[trial] d=2, n=100, b=80/100, runtime=1.54s, success=True, nit=135, nfev=149
[trial] d=2, n=100, b=81/100, runtime=1.71s, success=True, nit=153, nfev=166
[trial] d=2, n=100, b=82/100, runtime=1.51s, success=True, nit=133, nfev=147
[trial] d=2, n=100, b=83/100, runtime=1.35s, success=True, nit=123, nfev=130
[trial] d=2, n=100, b=84/100, runtime=1.25s, success=True, nit=109, nfev=118
[trial] d=2, n=100, b=85/100, runtime=1.16s, success=True, nit=103, nfev=111
[trial] d=2, n=100, b=86/100, runtime=1.68s, success=True, nit=150, nfev=160
[trial] d=2, n=100, b=87/100, runtime=1.20s, success=True, nit=108, nfev=113
[trial] d=2, n=100, b=88/100, runtime=0.85s, success=True, nit=77, nfev=81
[trial] d=2, n=100, b=89/100, runtime=1.43s, success=True, nit=127, nfev=135
[trial] d=2, n=100, b=90/100, runtime=1.15s, success=True, nit=100, nfev=110
[trial] d=2, n=100, b=91/100, runtime=1.45s, success=True, nit=130, nfev=135
[trial] d=2, n=100, b=92/100, runtime=1.39s, success=True, nit=121, nfev=127
[trial] d=2, n=100, b=93/100, runtime=1.78s, success=True, nit=160, nfev=168
[trial] d=2, n=100, b=94/100, runtime=1.17s, success=True, nit=102, nfev=110
[trial] d=2, n=100, b=95/100, runtime=1.39s, success=True, nit=120, nfev=131
[trial] d=2, n=100, b=96/100, runtime=1.32s, success=True, nit=116, nfev=125
[trial] d=2, n=100, b=97/100, runtime=1.30s, success=True, nit=114, nfev=122
[trial] d=2, n=100, b=98/100, runtime=2.19s, success=True, nit=190, nfev=207
[trial] d=2, n=100, b=99/100, runtime=1.29s, success=True, nit=114, nfev=123
[trial] d=2, n=100, b=100/100, runtime=1.32s, success=True, nit=119, nfev=125
[trial] d=2, n=300, b=1/100, runtime=15.02s, success=True, nit=328, nfev=333
[trial] d=2, n=300, b=2/100, runtime=16.79s, success=True, nit=367, nfev=371
[trial] d=2, n=300, b=3/100, runtime=11.46s, success=True, nit=255, nfev=258
[trial] d=2, n=300, b=4/100, runtime=12.38s, success=True, nit=272, nfev=276
[trial] d=2, n=300, b=5/100, runtime=10.80s, success=True, nit=234, nfev=241
[trial] d=2, n=300, b=6/100, runtime=12.20s, success=True, nit=274, nfev=277
[trial] d=2, n=300, b=7/100, runtime=11.27s, success=True, nit=255, nfev=260
[trial] d=2, n=300, b=8/100, runtime=12.50s, success=True, nit=286, nfev=290
[trial] d=2, n=300, b=9/100, runtime=14.64s, success=True, nit=353, nfev=357
[trial] d=2, n=300, b=10/100, runtime=12.35s, success=True, nit=307, nfev=310
[trial] d=2, n=300, b=11/100, runtime=9.54s, success=True, nit=235, nfev=239
[trial] d=2, n=300, b=12/100, runtime=10.33s, success=True, nit=255, nfev=259
[trial] d=2, n=300, b=13/100, runtime=10.86s, success=True, nit=269, nfev=273
[trial] d=2, n=300, b=14/100, runtime=10.22s, success=True, nit=252, nfev=257
[trial] d=2, n=300, b=15/100, runtime=10.03s, success=True, nit=248, nfev=252
[trial] d=2, n=300, b=16/100, runtime=12.73s, success=True, nit=322, nfev=325
[trial] d=2, n=300, b=17/100, runtime=10.53s, success=True, nit=267, nfev=270
[trial] d=2, n=300, b=18/100, runtime=11.94s, success=True, nit=303, nfev=306
[trial] d=2, n=300, b=19/100, runtime=19.72s, success=True, nit=501, nfev=506
[trial] d=2, n=300, b=20/100, runtime=10.03s, success=True, nit=254, nfev=257
[trial] d=2, n=300, b=21/100, runtime=14.93s, success=True, nit=380, nfev=383
[trial] d=2, n=300, b=22/100, runtime=7.71s, success=True, nit=193, nfev=196
[trial] d=2, n=300, b=23/100, runtime=13.57s, success=True, nit=344, nfev=348
[trial] d=2, n=300, b=24/100, runtime=10.26s, success=True, nit=259, nfev=263
[trial] d=2, n=300, b=25/100, runtime=15.04s, success=True, nit=382, nfev=386
[trial] d=2, n=300, b=26/100, runtime=11.47s, success=True, nit=285, nfev=294
[trial] d=2, n=300, b=27/100, runtime=8.87s, success=True, nit=224, nfev=227
[trial] d=2, n=300, b=28/100, runtime=15.34s, success=True, nit=375, nfev=380
[trial] d=2, n=300, b=29/100, runtime=14.82s, success=True, nit=360, nfev=363
[trial] d=2, n=300, b=30/100, runtime=11.42s, success=True, nit=274, nfev=277
[trial] d=2, n=300, b=31/100, runtime=9.55s, success=True, nit=226, nfev=229
[trial] d=2, n=300, b=32/100, runtime=10.55s, success=True, nit=269, nfev=273
[trial] d=2, n=300, b=33/100, runtime=14.59s, success=True, nit=380, nfev=383
[trial] d=2, n=300, b=34/100, runtime=11.13s, success=True, nit=288, nfev=292
[trial] d=2, n=300, b=35/100, runtime=6.65s, success=True, nit=171, nfev=174
[trial] d=2, n=300, b=36/100, runtime=7.42s, success=True, nit=191, nfev=194
[trial] d=2, n=300, b=37/100, runtime=11.60s, success=True, nit=295, nfev=304
[trial] d=2, n=300, b=38/100, runtime=10.93s, success=True, nit=283, nfev=286
[trial] d=2, n=300, b=39/100, runtime=13.24s, success=True, nit=339, nfev=347
[trial] d=2, n=300, b=40/100, runtime=11.46s, success=True, nit=294, nfev=300
[trial] d=2, n=300, b=41/100, runtime=14.80s, success=True, nit=384, nfev=388
[trial] d=2, n=300, b=42/100, runtime=16.69s, success=True, nit=426, nfev=436
[trial] d=2, n=300, b=43/100, runtime=6.39s, success=True, nit=165, nfev=168
[trial] d=2, n=300, b=44/100, runtime=8.91s, success=True, nit=229, nfev=235
[trial] d=2, n=300, b=45/100, runtime=8.30s, success=True, nit=215, nfev=219
[trial] d=2, n=300, b=46/100, runtime=12.37s, success=True, nit=321, nfev=327
[trial] d=2, n=300, b=47/100, runtime=16.77s, success=True, nit=437, nfev=443
[trial] d=2, n=300, b=48/100, runtime=5.69s, success=True, nit=147, nfev=150
[trial] d=2, n=300, b=49/100, runtime=10.23s, success=True, nit=266, nfev=270
[trial] d=2, n=300, b=50/100, runtime=13.29s, success=True, nit=341, nfev=351
[trial] d=2, n=300, b=51/100, runtime=10.80s, success=True, nit=279, nfev=285
[trial] d=2, n=300, b=52/100, runtime=11.59s, success=True, nit=302, nfev=306
[trial] d=2, n=300, b=53/100, runtime=9.79s, success=True, nit=253, nfev=258
[trial] d=2, n=300, b=54/100, runtime=10.22s, success=True, nit=264, nfev=267
[trial] d=2, n=300, b=55/100, runtime=12.11s, success=True, nit=314, nfev=319
[trial] d=2, n=300, b=56/100, runtime=11.49s, success=True, nit=300, nfev=303
[trial] d=2, n=300, b=57/100, runtime=13.93s, success=True, nit=361, nfev=367
[trial] d=2, n=300, b=58/100, runtime=13.50s, success=True, nit=353, nfev=356
[trial] d=2, n=300, b=59/100, runtime=14.05s, success=True, nit=366, nfev=371
[trial] d=2, n=300, b=60/100, runtime=11.89s, success=True, nit=310, nfev=314
[trial] d=2, n=300, b=61/100, runtime=11.57s, success=True, nit=300, nfev=305
[trial] d=2, n=300, b=62/100, runtime=9.72s, success=True, nit=250, nfev=256
[trial] d=2, n=300, b=63/100, runtime=13.19s, success=True, nit=344, nfev=347
[trial] d=2, n=300, b=64/100, runtime=7.52s, success=True, nit=192, nfev=195
[trial] d=2, n=300, b=65/100, runtime=12.45s, success=True, nit=324, nfev=327
[trial] d=2, n=300, b=66/100, runtime=17.64s, success=True, nit=460, nfev=464
[trial] d=2, n=300, b=67/100, runtime=7.37s, success=True, nit=188, nfev=193
[trial] d=2, n=300, b=68/100, runtime=10.49s, success=True, nit=269, nfev=275
[trial] d=2, n=300, b=69/100, runtime=14.28s, success=True, nit=370, nfev=374
[trial] d=2, n=300, b=70/100, runtime=10.35s, success=True, nit=267, nfev=271
[trial] d=2, n=300, b=71/100, runtime=18.39s, success=True, nit=477, nfev=483
[trial] d=2, n=300, b=72/100, runtime=10.75s, success=True, nit=278, nfev=282
[trial] d=2, n=300, b=73/100, runtime=11.59s, success=True, nit=299, nfev=303
[trial] d=2, n=300, b=74/100, runtime=8.84s, success=True, nit=227, nfev=230
[trial] d=2, n=300, b=75/100, runtime=10.01s, success=True, nit=258, nfev=262
[trial] d=2, n=300, b=76/100, runtime=9.46s, success=True, nit=244, nfev=248
[trial] d=2, n=300, b=77/100, runtime=12.85s, success=True, nit=334, nfev=337
[trial] d=2, n=300, b=78/100, runtime=10.95s, success=True, nit=284, nfev=287
[trial] d=2, n=300, b=79/100, runtime=10.56s, success=True, nit=274, nfev=277
[trial] d=2, n=300, b=80/100, runtime=12.08s, success=True, nit=313, nfev=317
[trial] d=2, n=300, b=81/100, runtime=12.67s, success=True, nit=327, nfev=332
[trial] d=2, n=300, b=82/100, runtime=9.34s, success=True, nit=242, nfev=245
[trial] d=2, n=300, b=83/100, runtime=11.67s, success=True, nit=300, nfev=306
[trial] d=2, n=300, b=84/100, runtime=10.41s, success=True, nit=269, nfev=273
[trial] d=2, n=300, b=85/100, runtime=12.41s, success=True, nit=317, nfev=323
[trial] d=2, n=300, b=86/100, runtime=10.42s, success=True, nit=266, nfev=269
[trial] d=2, n=300, b=87/100, runtime=11.23s, success=True, nit=260, nfev=264
[trial] d=2, n=300, b=88/100, runtime=15.08s, success=True, nit=362, nfev=365
[trial] d=2, n=300, b=89/100, runtime=11.57s, success=True, nit=285, nfev=288
[trial] d=2, n=300, b=90/100, runtime=10.52s, success=True, nit=257, nfev=262
[trial] d=2, n=300, b=91/100, runtime=8.77s, success=True, nit=214, nfev=218
[trial] d=2, n=300, b=92/100, runtime=20.93s, success=True, nit=530, nfev=533
[trial] d=2, n=300, b=93/100, runtime=15.36s, success=True, nit=388, nfev=391
[trial] d=2, n=300, b=94/100, runtime=15.60s, success=True, nit=391, nfev=395
[trial] d=2, n=300, b=95/100, runtime=10.46s, success=True, nit=263, nfev=266
[trial] d=2, n=300, b=96/100, runtime=23.77s, success=True, nit=593, nfev=606
[trial] d=2, n=300, b=97/100, runtime=11.94s, success=True, nit=299, nfev=304
[trial] d=2, n=300, b=98/100, runtime=11.59s, success=True, nit=291, nfev=295
[trial] d=2, n=300, b=99/100, runtime=12.18s, success=True, nit=307, nfev=310
[trial] d=2, n=300, b=100/100, runtime=9.37s, success=True, nit=234, nfev=238
[trial] d=2, n=1000, b=1/100, runtime=90.08s, success=True, nit=730, nfev=741
[trial] d=2, n=1000, b=2/100, runtime=113.23s, success=False, nit=1000, nfev=1003
[trial] d=2, n=1000, b=3/100, runtime=77.94s, success=True, nit=693, nfev=696
[trial] d=2, n=1000, b=4/100, runtime=77.04s, success=True, nit=686, nfev=689
[trial] d=2, n=1000, b=5/100, runtime=59.09s, success=True, nit=524, nfev=527
[trial] d=2, n=1000, b=6/100, runtime=112.18s, success=False, nit=1000, nfev=1003
[trial] d=2, n=1000, b=7/100, runtime=54.83s, success=True, nit=444, nfev=447
[trial] d=2, n=1000, b=8/100, runtime=127.43s, success=False, nit=1000, nfev=1004
[trial] d=2, n=1000, b=9/100, runtime=122.44s, success=True, nit=965, nfev=968
[trial] d=2, n=1000, b=10/100, runtime=72.33s, success=True, nit=569, nfev=572
[trial] d=2, n=1000, b=11/100, runtime=127.09s, success=False, nit=1000, nfev=1004
[trial] d=2, n=1000, b=12/100, runtime=102.52s, success=True, nit=893, nfev=896
[trial] d=2, n=1000, b=13/100, runtime=65.87s, success=True, nit=571, nfev=575
[trial] d=2, n=1000, b=14/100, runtime=73.66s, success=True, nit=641, nfev=644
[trial] d=2, n=1000, b=15/100, runtime=113.71s, success=False, nit=1000, nfev=1003
[trial] d=2, n=1000, b=16/100, runtime=103.10s, success=True, nit=891, nfev=895
[trial] d=2, n=1000, b=17/100, runtime=96.66s, success=True, nit=830, nfev=833
[trial] d=2, n=1000, b=18/100, runtime=104.41s, success=True, nit=875, nfev=878
[trial] d=2, n=1000, b=19/100, runtime=111.64s, success=True, nit=868, nfev=872
[trial] d=2, n=1000, b=20/100, runtime=53.03s, success=True, nit=405, nfev=408
[trial] d=2, n=1000, b=21/100, runtime=108.75s, success=True, nit=837, nfev=840
[trial] d=2, n=1000, b=22/100, runtime=112.67s, success=True, nit=863, nfev=867
[trial] d=2, n=1000, b=23/100, runtime=75.07s, success=True, nit=571, nfev=574
[trial] d=2, n=1000, b=24/100, runtime=85.28s, success=True, nit=652, nfev=655
[trial] d=2, n=1000, b=25/100, runtime=121.83s, success=True, nit=933, nfev=936
[trial] d=2, n=1000, b=26/100, runtime=101.19s, success=True, nit=772, nfev=776
[trial] d=2, n=1000, b=27/100, runtime=118.19s, success=True, nit=898, nfev=901
[trial] d=2, n=1000, b=28/100, runtime=83.79s, success=True, nit=637, nfev=640
[trial] d=2, n=1000, b=29/100, runtime=97.17s, success=True, nit=738, nfev=742
[trial] d=2, n=1000, b=30/100, runtime=95.16s, success=True, nit=734, nfev=737
[trial] d=2, n=1000, b=31/100, runtime=95.81s, success=True, nit=743, nfev=746
[trial] d=2, n=1000, b=32/100, runtime=95.80s, success=True, nit=740, nfev=743
[trial] d=2, n=1000, b=33/100, runtime=113.09s, success=True, nit=866, nfev=872
[trial] d=2, n=1000, b=34/100, runtime=117.50s, success=True, nit=904, nfev=908
[trial] d=2, n=1000, b=35/100, runtime=111.67s, success=True, nit=860, nfev=864
[trial] d=2, n=1000, b=36/100, runtime=92.33s, success=True, nit=711, nfev=714
[trial] d=2, n=1000, b=37/100, runtime=129.19s, success=False, nit=1000, nfev=1003
[trial] d=2, n=1000, b=38/100, runtime=92.82s, success=True, nit=716, nfev=719
[trial] d=2, n=1000, b=39/100, runtime=93.14s, success=True, nit=717, nfev=721
[trial] d=2, n=1000, b=40/100, runtime=101.62s, success=True, nit=781, nfev=784
[trial] d=2, n=1000, b=41/100, runtime=96.18s, success=True, nit=740, nfev=744
[trial] d=2, n=1000, b=42/100, runtime=94.13s, success=True, nit=725, nfev=728
[trial] d=2, n=1000, b=43/100, runtime=96.35s, success=True, nit=744, nfev=747
[trial] d=2, n=1000, b=44/100, runtime=83.02s, success=True, nit=641, nfev=644
[trial] d=2, n=1000, b=45/100, runtime=92.05s, success=True, nit=708, nfev=711
[trial] d=2, n=1000, b=46/100, runtime=83.63s, success=True, nit=638, nfev=641
[trial] d=2, n=1000, b=47/100, runtime=111.48s, success=True, nit=851, nfev=854
[trial] d=2, n=1000, b=48/100, runtime=130.22s, success=False, nit=1000, nfev=1003
[trial] d=2, n=1000, b=49/100, runtime=80.81s, success=True, nit=620, nfev=623
[trial] d=2, n=1000, b=50/100, runtime=96.65s, success=True, nit=741, nfev=745
[trial] d=2, n=1000, b=51/100, runtime=95.02s, success=True, nit=730, nfev=734
[trial] d=2, n=1000, b=52/100, runtime=106.45s, success=True, nit=821, nfev=824
[trial] d=2, n=1000, b=53/100, runtime=79.06s, success=True, nit=608, nfev=611
[trial] d=2, n=1000, b=54/100, runtime=129.27s, success=False, nit=1000, nfev=1003
[trial] d=2, n=1000, b=55/100, runtime=82.60s, success=True, nit=635, nfev=638
[trial] d=2, n=1000, b=56/100, runtime=106.91s, success=True, nit=823, nfev=828
[trial] d=2, n=1000, b=57/100, runtime=115.41s, success=True, nit=890, nfev=894
[trial] d=2, n=1000, b=58/100, runtime=113.89s, success=True, nit=877, nfev=882
[trial] d=2, n=1000, b=59/100, runtime=114.53s, success=True, nit=881, nfev=885
[trial] d=2, n=1000, b=60/100, runtime=111.75s, success=True, nit=859, nfev=862
[trial] d=2, n=1000, b=61/100, runtime=93.28s, success=True, nit=715, nfev=719
[trial] d=2, n=1000, b=62/100, runtime=83.70s, success=True, nit=641, nfev=644
[trial] d=2, n=1000, b=63/100, runtime=109.30s, success=True, nit=843, nfev=846
[trial] d=2, n=1000, b=64/100, runtime=129.36s, success=False, nit=1000, nfev=1003
[trial] d=2, n=1000, b=65/100, runtime=111.33s, success=True, nit=861, nfev=864
[trial] d=2, n=1000, b=66/100, runtime=95.30s, success=True, nit=734, nfev=738
[trial] d=2, n=1000, b=67/100, runtime=89.48s, success=True, nit=691, nfev=696
[trial] d=2, n=1000, b=68/100, runtime=128.86s, success=False, nit=1000, nfev=1003
[trial] d=2, n=1000, b=69/100, runtime=74.01s, success=True, nit=571, nfev=576
[trial] d=2, n=1000, b=70/100, runtime=130.19s, success=False, nit=1000, nfev=1003
[trial] d=2, n=1000, b=71/100, runtime=86.06s, success=True, nit=658, nfev=661
[trial] d=2, n=1000, b=72/100, runtime=104.78s, success=True, nit=803, nfev=806
[trial] d=2, n=1000, b=73/100, runtime=109.51s, success=True, nit=839, nfev=842
[trial] d=2, n=1000, b=74/100, runtime=129.93s, success=False, nit=1000, nfev=1003
[trial] d=2, n=1000, b=75/100, runtime=105.75s, success=True, nit=813, nfev=816
[trial] d=2, n=1000, b=76/100, runtime=112.98s, success=True, nit=867, nfev=870
[trial] d=2, n=1000, b=77/100, runtime=61.53s, success=True, nit=471, nfev=474
[trial] d=2, n=1000, b=78/100, runtime=96.08s, success=True, nit=736, nfev=740
[trial] d=2, n=1000, b=79/100, runtime=90.79s, success=True, nit=695, nfev=699
[trial] d=2, n=1000, b=80/100, runtime=81.22s, success=True, nit=622, nfev=626
[trial] d=2, n=1000, b=81/100, runtime=108.02s, success=True, nit=826, nfev=829
[trial] d=2, n=1000, b=82/100, runtime=102.50s, success=True, nit=781, nfev=786
[trial] d=2, n=1000, b=83/100, runtime=130.37s, success=False, nit=1000, nfev=1003
[trial] d=2, n=1000, b=84/100, runtime=66.12s, success=True, nit=505, nfev=508
[trial] d=2, n=1000, b=85/100, runtime=96.38s, success=True, nit=738, nfev=741
[trial] d=2, n=1000, b=86/100, runtime=67.57s, success=True, nit=515, nfev=519
[trial] d=2, n=1000, b=87/100, runtime=123.14s, success=True, nit=945, nfev=948
[trial] d=2, n=1000, b=88/100, runtime=86.00s, success=True, nit=658, nfev=661
[trial] d=2, n=1000, b=89/100, runtime=100.05s, success=True, nit=765, nfev=769
[trial] d=2, n=1000, b=90/100, runtime=106.32s, success=True, nit=816, nfev=819
[trial] d=2, n=1000, b=91/100, runtime=130.62s, success=False, nit=1000, nfev=1004
[trial] d=2, n=1000, b=92/100, runtime=120.38s, success=True, nit=920, nfev=924
[trial] d=2, n=1000, b=93/100, runtime=66.93s, success=True, nit=511, nfev=514
[trial] d=2, n=1000, b=94/100, runtime=129.59s, success=False, nit=1000, nfev=1003
[trial] d=2, n=1000, b=95/100, runtime=47.64s, success=True, nit=365, nfev=368
[trial] d=2, n=1000, b=96/100, runtime=98.16s, success=True, nit=757, nfev=760
[trial] d=2, n=1000, b=97/100, runtime=113.34s, success=True, nit=868, nfev=871
[trial] d=2, n=1000, b=98/100, runtime=74.37s, success=True, nit=571, nfev=574
[trial] d=2, n=1000, b=99/100, runtime=96.95s, success=True, nit=745, nfev=748
[trial] d=2, n=1000, b=100/100, runtime=103.64s, success=True, nit=798, nfev=801
[trial] d=2, n=3000, b=1/100, runtime=462.62s, success=False, nit=1000, nfev=1003
[trial] d=2, n=3000, b=2/100, runtime=462.74s, success=False, nit=1000, nfev=1003
[trial] d=2, n=3000, b=3/100, runtime=463.47s, success=False, nit=1000, nfev=1003
[trial] d=2, n=3000, b=4/100, runtime=464.25s, success=False, nit=1000, nfev=1003
[trial] d=2, n=3000, b=5/100, runtime=466.08s, success=False, nit=1000, nfev=1003
[trial] d=2, n=3000, b=6/100, runtime=470.52s, success=False, nit=1000, nfev=1003
[trial] d=2, n=3000, b=7/100, runtime=469.35s, success=False, nit=1000, nfev=1003
[trial] d=2, n=3000, b=8/100, runtime=465.46s, success=False, nit=1000, nfev=1003
[trial] d=2, n=3000, b=9/100, runtime=466.62s, success=False, nit=1000, nfev=1003
[trial] d=2, n=3000, b=10/100, runtime=465.41s, success=False, nit=1000, nfev=1003
[trial] d=2, n=3000, b=11/100, runtime=464.04s, success=False, nit=1000, nfev=1003
[trial] d=2, n=3000, b=12/100, runtime=466.03s, success=False, nit=1000, nfev=1003
[trial] d=2, n=3000, b=13/100, runtime=461.42s, success=False, nit=1000, nfev=1003
[trial] d=2, n=3000, b=14/100, runtime=465.27s, success=False, nit=1000, nfev=1003
[trial] d=2, n=3000, b=15/100, runtime=471.17s, success=False, nit=1000, nfev=1003
[trial] d=2, n=3000, b=16/100, runtime=472.23s, success=False, nit=1000, nfev=1003
[trial] d=2, n=3000, b=17/100, runtime=469.74s, success=False, nit=1000, nfev=1003
[trial] d=2, n=3000, b=18/100, runtime=470.47s, success=False, nit=1000, nfev=1003
[trial] d=2, n=3000, b=19/100, runtime=479.20s, success=False, nit=1000, nfev=1003
[trial] d=2, n=3000, b=20/100, runtime=475.25s, success=False, nit=1000, nfev=1003
[trial] d=2, n=3000, b=21/100, runtime=472.97s, success=False, nit=1000, nfev=1003
[trial] d=2, n=3000, b=22/100, runtime=467.15s, success=False, nit=1000, nfev=1003
[trial] d=2, n=3000, b=23/100, runtime=473.17s, success=False, nit=1000, nfev=1003
[trial] d=2, n=3000, b=24/100, runtime=475.39s, success=False, nit=1000, nfev=1003
[trial] d=2, n=3000, b=25/100, runtime=479.39s, success=False, nit=1000, nfev=1003
[trial] d=2, n=3000, b=26/100, runtime=523.12s, success=False, nit=1000, nfev=1003
[trial] d=2, n=3000, b=27/100, runtime=510.24s, success=False, nit=1000, nfev=1003
[trial] d=2, n=3000, b=28/100, runtime=477.08s, success=False, nit=1000, nfev=1003
[trial] d=2, n=3000, b=29/100, runtime=472.65s, success=False, nit=1000, nfev=1003
[trial] d=2, n=3000, b=30/100, runtime=469.14s, success=False, nit=1000, nfev=1003
[trial] d=2, n=3000, b=31/100, runtime=467.99s, success=False, nit=1000, nfev=1003
[trial] d=2, n=3000, b=32/100, runtime=467.71s, success=False, nit=1000, nfev=1003
[trial] d=2, n=3000, b=33/100, runtime=467.24s, success=False, nit=1000, nfev=1003
[trial] d=2, n=3000, b=34/100, runtime=469.02s, success=False, nit=1000, nfev=1003
[trial] d=2, n=3000, b=35/100, runtime=480.18s, success=False, nit=1000, nfev=1003
[trial] d=2, n=3000, b=36/100, runtime=466.27s, success=False, nit=1000, nfev=1003
[trial] d=2, n=3000, b=37/100, runtime=376.92s, success=False, nit=1000, nfev=1003
[trial] d=2, n=3000, b=38/100, runtime=431.33s, success=False, nit=1000, nfev=1003
[trial] d=2, n=3000, b=39/100, runtime=430.41s, success=False, nit=1000, nfev=1003
[trial] d=2, n=3000, b=40/100, runtime=429.31s, success=False, nit=1000, nfev=1003
[trial] d=2, n=3000, b=41/100, runtime=429.66s, success=False, nit=1000, nfev=1003
[trial] d=2, n=3000, b=42/100, runtime=430.07s, success=False, nit=1000, nfev=1003
[trial] d=2, n=3000, b=43/100, runtime=447.39s, success=False, nit=1000, nfev=1003
[trial] d=2, n=3000, b=44/100, runtime=468.21s, success=False, nit=1000, nfev=1003
[trial] d=2, n=3000, b=45/100, runtime=470.81s, success=False, nit=1000, nfev=1003
[trial] d=2, n=3000, b=46/100, runtime=472.58s, success=False, nit=1000, nfev=1003
[trial] d=2, n=3000, b=47/100, runtime=474.89s, success=False, nit=1000, nfev=1003
[trial] d=2, n=3000, b=48/100, runtime=471.83s, success=False, nit=1000, nfev=1003
[trial] d=2, n=3000, b=49/100, runtime=468.70s, success=False, nit=1000, nfev=1003
[trial] d=2, n=3000, b=50/100, runtime=473.66s, success=False, nit=1000, nfev=1003
[trial] d=2, n=3000, b=51/100, runtime=472.55s, success=False, nit=1000, nfev=1003
[trial] d=2, n=3000, b=52/100, runtime=472.13s, success=False, nit=1000, nfev=1003
[trial] d=2, n=3000, b=53/100, runtime=476.42s, success=False, nit=1000, nfev=1003
[trial] d=2, n=3000, b=54/100, runtime=471.75s, success=False, nit=1000, nfev=1003
[trial] d=2, n=3000, b=55/100, runtime=469.46s, success=False, nit=1000, nfev=1003
[trial] d=2, n=3000, b=56/100, runtime=473.99s, success=False, nit=1000, nfev=1003
[trial] d=2, n=3000, b=57/100, runtime=475.61s, success=False, nit=1000, nfev=1003
[trial] d=2, n=3000, b=58/100, runtime=474.12s, success=False, nit=1000, nfev=1003
[trial] d=2, n=3000, b=59/100, runtime=464.48s, success=False, nit=1000, nfev=1003
[trial] d=2, n=3000, b=60/100, runtime=471.49s, success=False, nit=1000, nfev=1003
[trial] d=2, n=3000, b=61/100, runtime=472.97s, success=False, nit=1000, nfev=1003
[trial] d=2, n=3000, b=62/100, runtime=473.75s, success=False, nit=1000, nfev=1003
[trial] d=2, n=3000, b=63/100, runtime=473.73s, success=False, nit=1000, nfev=1003
[trial] d=2, n=3000, b=64/100, runtime=476.11s, success=False, nit=1000, nfev=1003
[trial] d=2, n=3000, b=65/100, runtime=474.61s, success=False, nit=1000, nfev=1003
[trial] d=2, n=3000, b=66/100, runtime=470.90s, success=False, nit=1000, nfev=1003
[trial] d=2, n=3000, b=67/100, runtime=469.64s, success=False, nit=1000, nfev=1003
[trial] d=2, n=3000, b=68/100, runtime=470.58s, success=False, nit=1000, nfev=1003
[trial] d=2, n=3000, b=69/100, runtime=468.31s, success=False, nit=1000, nfev=1003
[trial] d=2, n=3000, b=70/100, runtime=468.48s, success=False, nit=1000, nfev=1003
[trial] d=2, n=3000, b=71/100, runtime=471.15s, success=False, nit=1000, nfev=1003
[trial] d=2, n=3000, b=72/100, runtime=471.67s, success=False, nit=1000, nfev=1003
[trial] d=2, n=3000, b=73/100, runtime=471.68s, success=False, nit=1000, nfev=1003
[trial] d=2, n=3000, b=74/100, runtime=472.79s, success=False, nit=1000, nfev=1003
[trial] d=2, n=3000, b=75/100, runtime=476.54s, success=False, nit=1000, nfev=1003
[trial] d=2, n=3000, b=76/100, runtime=471.46s, success=False, nit=1000, nfev=1003
[trial] d=2, n=3000, b=77/100, runtime=473.32s, success=False, nit=1000, nfev=1003
[trial] d=2, n=3000, b=78/100, runtime=474.23s, success=False, nit=1000, nfev=1003
[trial] d=2, n=3000, b=79/100, runtime=471.63s, success=False, nit=1000, nfev=1003
[trial] d=2, n=3000, b=80/100, runtime=470.34s, success=False, nit=1000, nfev=1003
[trial] d=2, n=3000, b=81/100, runtime=468.34s, success=False, nit=1000, nfev=1003
[trial] d=2, n=3000, b=82/100, runtime=484.50s, success=False, nit=1000, nfev=1003
[trial] d=2, n=3000, b=83/100, runtime=509.17s, success=False, nit=1000, nfev=1003
[trial] d=2, n=3000, b=84/100, runtime=516.96s, success=False, nit=1000, nfev=1003
[trial] d=2, n=3000, b=85/100, runtime=527.30s, success=False, nit=1000, nfev=1003
[trial] d=2, n=3000, b=86/100, runtime=534.87s, success=False, nit=1000, nfev=1003
[trial] d=2, n=3000, b=87/100, runtime=533.21s, success=False, nit=1000, nfev=1003
[trial] d=2, n=3000, b=88/100, runtime=526.41s, success=False, nit=1000, nfev=1003
[trial] d=2, n=3000, b=89/100, runtime=511.15s, success=False, nit=1000, nfev=1003
[trial] d=2, n=3000, b=90/100, runtime=509.69s, success=False, nit=1000, nfev=1003
[trial] d=2, n=3000, b=91/100, runtime=489.13s, success=False, nit=1000, nfev=1003
[trial] d=2, n=3000, b=92/100, runtime=515.86s, success=False, nit=1000, nfev=1003
[trial] d=2, n=3000, b=93/100, runtime=465.56s, success=False, nit=1000, nfev=1003
[trial] d=2, n=3000, b=94/100, runtime=452.81s, success=False, nit=1000, nfev=1003
[trial] d=2, n=3000, b=95/100, runtime=456.38s, success=False, nit=1000, nfev=1003
[trial] d=2, n=3000, b=96/100, runtime=458.22s, success=False, nit=1000, nfev=1003
[trial] d=2, n=3000, b=97/100, runtime=454.30s, success=False, nit=1000, nfev=1003
[trial] d=2, n=3000, b=98/100, runtime=454.41s, success=False, nit=1000, nfev=1003
[trial] d=2, n=3000, b=99/100, runtime=455.21s, success=False, nit=1000, nfev=1003
[trial] d=2, n=3000, b=100/100, runtime=453.06s, success=False, nit=1000, nfev=1003

 Summary:
 d    n   B  mean_loss  std_loss  se_loss     beta  mean_loss_over_beta
 2  100 100   0.036461  0.015168 0.001517 0.100000             0.364606
 2  300 100   0.021587  0.008507 0.000851 0.057735             0.373890
 2 1000 100   0.011323  0.004108 0.000411 0.031623             0.358060
 2 3000 100   0.006808  0.003231 0.000323 0.018257             0.372885

Empirical log-log slope for mean loss: -0.498
Log-log slope of beta(n,2): -0.500
