Python executable: /burg-archive/home/ss6574/.conda/envs/ot-exp/bin/python
Python version: 3.11.15 | packaged by conda-forge | (main, Mar  5 2026, 16:45:40) [GCC 14.3.0]
otexp package: /burg-archive/home/ss6574/L1-rates-ot-potentials/src/otexp/__init__.py
Running new_d dimension d=10, task=5
[trial] d=10, n=10000, b=1/100, runtime=1085.04s, success=False, nit=1000, nfev=1002
[trial] d=10, n=10000, b=2/100, runtime=1012.59s, success=False, nit=1000, nfev=1003
[trial] d=10, n=10000, b=3/100, runtime=882.79s, success=True, nit=876, nfev=878
[trial] d=10, n=10000, b=4/100, runtime=983.70s, success=False, nit=1000, nfev=1002
[trial] d=10, n=10000, b=5/100, runtime=940.76s, success=True, nit=958, nfev=961
[trial] d=10, n=10000, b=6/100, runtime=998.50s, success=False, nit=1000, nfev=1001
[trial] d=10, n=10000, b=7/100, runtime=941.45s, success=True, nit=937, nfev=938
[trial] d=10, n=10000, b=8/100, runtime=623.40s, success=True, nit=638, nfev=639
[trial] d=10, n=10000, b=9/100, runtime=920.30s, success=False, nit=1000, nfev=1002
[trial] d=10, n=10000, b=10/100, runtime=940.39s, success=False, nit=1000, nfev=1001
[trial] d=10, n=10000, b=11/100, runtime=928.51s, success=True, nit=951, nfev=952
[trial] d=10, n=10000, b=12/100, runtime=976.05s, success=False, nit=1000, nfev=1001
[trial] d=10, n=10000, b=13/100, runtime=831.44s, success=True, nit=852, nfev=853
[trial] d=10, n=10000, b=14/100, runtime=976.32s, success=False, nit=1000, nfev=1002
[trial] d=10, n=10000, b=15/100, runtime=977.69s, success=False, nit=1000, nfev=1003
[trial] d=10, n=10000, b=16/100, runtime=816.01s, success=True, nit=836, nfev=837
[trial] d=10, n=10000, b=17/100, runtime=976.38s, success=False, nit=1000, nfev=1001
[trial] d=10, n=10000, b=18/100, runtime=991.08s, success=False, nit=1000, nfev=1002
[trial] d=10, n=10000, b=19/100, runtime=1059.13s, success=False, nit=1000, nfev=1002
[trial] d=10, n=10000, b=20/100, runtime=986.87s, success=False, nit=1000, nfev=1001
[trial] d=10, n=10000, b=21/100, runtime=985.03s, success=False, nit=1000, nfev=1001
[trial] d=10, n=10000, b=22/100, runtime=985.72s, success=False, nit=1000, nfev=1002
[trial] d=10, n=10000, b=23/100, runtime=979.39s, success=False, nit=1000, nfev=1003
[trial] d=10, n=10000, b=24/100, runtime=977.31s, success=False, nit=1000, nfev=1002
[trial] d=10, n=10000, b=25/100, runtime=922.83s, success=False, nit=1000, nfev=1005
[trial] d=10, n=10000, b=26/100, runtime=882.65s, success=True, nit=980, nfev=981
[trial] d=10, n=10000, b=27/100, runtime=815.62s, success=True, nit=899, nfev=900
[trial] d=10, n=10000, b=28/100, runtime=907.73s, success=False, nit=1000, nfev=1001
[trial] d=10, n=10000, b=29/100, runtime=938.55s, success=False, nit=1000, nfev=1001
[trial] d=10, n=10000, b=30/100, runtime=928.02s, success=False, nit=1000, nfev=1003
[trial] d=10, n=10000, b=31/100, runtime=948.78s, success=False, nit=1000, nfev=1003
[trial] d=10, n=10000, b=32/100, runtime=949.80s, success=False, nit=1000, nfev=1004
[trial] d=10, n=10000, b=33/100, runtime=948.44s, success=False, nit=1000, nfev=1002
[trial] d=10, n=10000, b=34/100, runtime=948.25s, success=False, nit=1000, nfev=1001
[trial] d=10, n=10000, b=35/100, runtime=944.38s, success=False, nit=1000, nfev=1001
[trial] d=10, n=10000, b=36/100, runtime=930.88s, success=False, nit=1000, nfev=1001
[trial] d=10, n=10000, b=37/100, runtime=907.90s, success=False, nit=1000, nfev=1001
[trial] d=10, n=10000, b=38/100, runtime=907.24s, success=False, nit=1000, nfev=1001
[trial] d=10, n=10000, b=39/100, runtime=938.66s, success=False, nit=1000, nfev=1003
[trial] d=10, n=10000, b=40/100, runtime=936.52s, success=False, nit=1000, nfev=1002
[trial] d=10, n=10000, b=41/100, runtime=763.77s, success=True, nit=813, nfev=817
[trial] d=10, n=10000, b=42/100, runtime=935.03s, success=False, nit=1000, nfev=1001
[trial] d=10, n=10000, b=43/100, runtime=900.19s, success=True, nit=962, nfev=964
[trial] d=10, n=10000, b=44/100, runtime=650.55s, success=True, nit=695, nfev=696
[trial] d=10, n=10000, b=45/100, runtime=920.55s, success=True, nit=982, nfev=985
[trial] d=10, n=10000, b=46/100, runtime=903.68s, success=False, nit=1000, nfev=1003
[trial] d=10, n=10000, b=47/100, runtime=732.82s, success=True, nit=812, nfev=813
[trial] d=10, n=10000, b=48/100, runtime=901.67s, success=False, nit=1000, nfev=1001
[trial] d=10, n=10000, b=49/100, runtime=903.66s, success=False, nit=1000, nfev=1003
[trial] d=10, n=10000, b=50/100, runtime=902.59s, success=False, nit=1000, nfev=1002
[trial] d=10, n=10000, b=51/100, runtime=901.90s, success=False, nit=1000, nfev=1001
[trial] d=10, n=10000, b=52/100, runtime=907.34s, success=False, nit=1000, nfev=1001
[trial] d=10, n=10000, b=53/100, runtime=852.98s, success=True, nit=943, nfev=944
[trial] d=10, n=10000, b=54/100, runtime=906.29s, success=False, nit=1000, nfev=1001
[trial] d=10, n=10000, b=55/100, runtime=912.35s, success=False, nit=1000, nfev=1001
[trial] d=10, n=10000, b=56/100, runtime=916.94s, success=False, nit=1000, nfev=1002
[trial] d=10, n=10000, b=57/100, runtime=798.23s, success=True, nit=872, nfev=873
[trial] d=10, n=10000, b=58/100, runtime=910.56s, success=False, nit=1000, nfev=1001
[trial] d=10, n=10000, b=59/100, runtime=911.23s, success=False, nit=1000, nfev=1001
[trial] d=10, n=10000, b=60/100, runtime=921.68s, success=False, nit=1000, nfev=1003
[trial] d=10, n=10000, b=61/100, runtime=920.54s, success=False, nit=1000, nfev=1001
[trial] d=10, n=10000, b=62/100, runtime=888.12s, success=False, nit=1000, nfev=1001
[trial] d=10, n=10000, b=63/100, runtime=865.19s, success=False, nit=1000, nfev=1001
[trial] d=10, n=10000, b=64/100, runtime=700.27s, success=True, nit=768, nfev=769
[trial] d=10, n=10000, b=65/100, runtime=758.11s, success=True, nit=827, nfev=828
[trial] d=10, n=10000, b=66/100, runtime=915.50s, success=False, nit=1000, nfev=1002
[trial] d=10, n=10000, b=67/100, runtime=753.01s, success=True, nit=824, nfev=825
[trial] d=10, n=10000, b=68/100, runtime=912.67s, success=False, nit=1000, nfev=1001
[trial] d=10, n=10000, b=69/100, runtime=804.64s, success=True, nit=880, nfev=882
[trial] d=10, n=10000, b=70/100, runtime=914.49s, success=False, nit=1000, nfev=1001
[trial] d=10, n=10000, b=71/100, runtime=914.05s, success=False, nit=1000, nfev=1001
[trial] d=10, n=10000, b=72/100, runtime=731.16s, success=True, nit=798, nfev=799
[trial] d=10, n=10000, b=73/100, runtime=886.54s, success=True, nit=966, nfev=967
[trial] d=10, n=10000, b=74/100, runtime=932.34s, success=False, nit=1000, nfev=1001
[trial] d=10, n=10000, b=75/100, runtime=927.76s, success=False, nit=1000, nfev=1002
[trial] d=10, n=10000, b=76/100, runtime=922.50s, success=True, nit=992, nfev=997
[trial] d=10, n=10000, b=77/100, runtime=926.34s, success=False, nit=1000, nfev=1001
[trial] d=10, n=10000, b=78/100, runtime=926.43s, success=False, nit=1000, nfev=1001
[trial] d=10, n=10000, b=79/100, runtime=926.36s, success=False, nit=1000, nfev=1001
[trial] d=10, n=10000, b=80/100, runtime=829.18s, success=True, nit=895, nfev=896
[trial] d=10, n=10000, b=81/100, runtime=835.15s, success=True, nit=899, nfev=903
[trial] d=10, n=10000, b=82/100, runtime=802.65s, success=True, nit=867, nfev=868
[trial] d=10, n=10000, b=83/100, runtime=924.41s, success=False, nit=1000, nfev=1001
[trial] d=10, n=10000, b=84/100, runtime=901.86s, success=False, nit=1000, nfev=1001
[trial] d=10, n=10000, b=85/100, runtime=917.80s, success=False, nit=1000, nfev=1002
[trial] d=10, n=10000, b=86/100, runtime=781.35s, success=True, nit=866, nfev=867
[trial] d=10, n=10000, b=87/100, runtime=901.74s, success=False, nit=1000, nfev=1001
[trial] d=10, n=10000, b=88/100, runtime=667.98s, success=True, nit=740, nfev=741
[trial] d=10, n=10000, b=89/100, runtime=658.21s, success=True, nit=729, nfev=730
[trial] d=10, n=10000, b=90/100, runtime=901.93s, success=False, nit=1000, nfev=1001
[trial] d=10, n=10000, b=91/100, runtime=902.35s, success=False, nit=1000, nfev=1002
[trial] d=10, n=10000, b=92/100, runtime=903.39s, success=False, nit=1000, nfev=1003
[trial] d=10, n=10000, b=93/100, runtime=716.13s, success=True, nit=794, nfev=795
[trial] d=10, n=10000, b=94/100, runtime=904.54s, success=False, nit=1000, nfev=1003
[trial] d=10, n=10000, b=95/100, runtime=901.76s, success=False, nit=1000, nfev=1001
[trial] d=10, n=10000, b=96/100, runtime=831.77s, success=True, nit=921, nfev=923
[trial] d=10, n=10000, b=97/100, runtime=902.06s, success=False, nit=1000, nfev=1001
[trial] d=10, n=10000, b=98/100, runtime=903.39s, success=False, nit=1000, nfev=1002
[trial] d=10, n=10000, b=99/100, runtime=902.13s, success=False, nit=1000, nfev=1001
[trial] d=10, n=10000, b=100/100, runtime=772.57s, success=True, nit=857, nfev=858

 Summary:
 d     n   B  mean_loss  std_loss  se_loss       beta  mean_loss_over_beta
10   100 100   0.058898  0.002054 0.000205  38.880967             0.001515
10   300 100   0.043696  0.000834 0.000083  59.301354             0.000737
10  1000 100   0.032208  0.000500 0.000050  82.796281             0.000389
10  3000 100   0.024946  0.000235 0.000023 103.486172             0.000241
10 10000 100   0.019380  0.000140 0.000014 123.830333             0.000157

Empirical log-log slope for mean loss: -0.242
Log-log slope of beta(n,10): 0.249
