Python executable: /burg-archive/home/ss6574/.conda/envs/ot-exp/bin/python
Python version: 3.11.15 | packaged by conda-forge | (main, Mar  5 2026, 16:45:40) [GCC 14.3.0]
otexp package: /burg-archive/home/ss6574/L1-rates-ot-potentials/src/otexp/__init__.py
Running new_d dimension d=6, task=3
[trial] d=6, n=10000, b=1/100, runtime=1412.92s, success=False, nit=1000, nfev=1001
[trial] d=6, n=10000, b=2/100, runtime=1403.28s, success=False, nit=1000, nfev=1001
[trial] d=6, n=10000, b=3/100, runtime=1414.35s, success=False, nit=1000, nfev=1001
[trial] d=6, n=10000, b=4/100, runtime=1417.29s, success=False, nit=1000, nfev=1001
[trial] d=6, n=10000, b=5/100, runtime=1427.46s, success=False, nit=1000, nfev=1001
[trial] d=6, n=10000, b=6/100, runtime=1385.66s, success=False, nit=1000, nfev=1001
[trial] d=6, n=10000, b=7/100, runtime=1385.04s, success=False, nit=1000, nfev=1001
[trial] d=6, n=10000, b=8/100, runtime=1392.20s, success=False, nit=1000, nfev=1001
[trial] d=6, n=10000, b=9/100, runtime=1389.04s, success=False, nit=1000, nfev=1001
[trial] d=6, n=10000, b=10/100, runtime=1400.99s, success=False, nit=1000, nfev=1001
[trial] d=6, n=10000, b=11/100, runtime=1423.44s, success=False, nit=1000, nfev=1001
[trial] d=6, n=10000, b=12/100, runtime=1420.52s, success=False, nit=1000, nfev=1001
[trial] d=6, n=10000, b=13/100, runtime=1849.58s, success=False, nit=1000, nfev=1001
[trial] d=6, n=10000, b=14/100, runtime=1990.92s, success=False, nit=1000, nfev=1001
[trial] d=6, n=10000, b=15/100, runtime=1734.24s, success=False, nit=1000, nfev=1001
[trial] d=6, n=10000, b=16/100, runtime=1302.87s, success=False, nit=1000, nfev=1001
[trial] d=6, n=10000, b=17/100, runtime=1333.17s, success=False, nit=1000, nfev=1001
[trial] d=6, n=10000, b=18/100, runtime=1523.73s, success=False, nit=1000, nfev=1001
[trial] d=6, n=10000, b=19/100, runtime=1412.33s, success=False, nit=1000, nfev=1001
[trial] d=6, n=10000, b=20/100, runtime=1399.69s, success=False, nit=1000, nfev=1001
[trial] d=6, n=10000, b=21/100, runtime=1400.68s, success=False, nit=1000, nfev=1001
[trial] d=6, n=10000, b=22/100, runtime=1405.62s, success=False, nit=1000, nfev=1001
[trial] d=6, n=10000, b=23/100, runtime=1411.20s, success=False, nit=1000, nfev=1001
[trial] d=6, n=10000, b=24/100, runtime=1407.18s, success=False, nit=1000, nfev=1001
[trial] d=6, n=10000, b=25/100, runtime=1421.85s, success=False, nit=1000, nfev=1001
[trial] d=6, n=10000, b=26/100, runtime=1419.04s, success=False, nit=1000, nfev=1001
[trial] d=6, n=10000, b=27/100, runtime=1424.92s, success=False, nit=1000, nfev=1001
[trial] d=6, n=10000, b=28/100, runtime=1422.36s, success=False, nit=1000, nfev=1001
[trial] d=6, n=10000, b=29/100, runtime=1396.27s, success=False, nit=1000, nfev=1001
[trial] d=6, n=10000, b=30/100, runtime=1403.54s, success=False, nit=1000, nfev=1001
[trial] d=6, n=10000, b=31/100, runtime=1731.09s, success=False, nit=1000, nfev=1001
[trial] d=6, n=10000, b=32/100, runtime=1302.79s, success=False, nit=1000, nfev=1001
[trial] d=6, n=10000, b=33/100, runtime=1316.05s, success=False, nit=1000, nfev=1001
[trial] d=6, n=10000, b=34/100, runtime=1423.60s, success=False, nit=1000, nfev=1001
[trial] d=6, n=10000, b=35/100, runtime=1423.41s, success=False, nit=1000, nfev=1001
[trial] d=6, n=10000, b=36/100, runtime=1407.56s, success=False, nit=1000, nfev=1002
[trial] d=6, n=10000, b=37/100, runtime=1399.05s, success=False, nit=1000, nfev=1001
[trial] d=6, n=10000, b=38/100, runtime=1296.67s, success=False, nit=1000, nfev=1001
[trial] d=6, n=10000, b=39/100, runtime=1285.93s, success=False, nit=1000, nfev=1002
[trial] d=6, n=10000, b=40/100, runtime=1130.27s, success=True, nit=876, nfev=877
[trial] d=6, n=10000, b=41/100, runtime=1300.12s, success=False, nit=1000, nfev=1001
[trial] d=6, n=10000, b=42/100, runtime=1391.93s, success=False, nit=1000, nfev=1001
[trial] d=6, n=10000, b=43/100, runtime=1376.32s, success=False, nit=1000, nfev=1001
[trial] d=6, n=10000, b=44/100, runtime=1366.01s, success=False, nit=1000, nfev=1001
[trial] d=6, n=10000, b=45/100, runtime=1333.57s, success=False, nit=1000, nfev=1001
[trial] d=6, n=10000, b=46/100, runtime=1253.68s, success=False, nit=1000, nfev=1001
[trial] d=6, n=10000, b=47/100, runtime=1235.03s, success=False, nit=1000, nfev=1001
[trial] d=6, n=10000, b=48/100, runtime=1193.73s, success=True, nit=964, nfev=965
[trial] d=6, n=10000, b=49/100, runtime=1248.68s, success=False, nit=1000, nfev=1001
[trial] d=6, n=10000, b=50/100, runtime=1232.10s, success=False, nit=1000, nfev=1001
[trial] d=6, n=10000, b=51/100, runtime=1134.11s, success=False, nit=1000, nfev=1001
[trial] d=6, n=10000, b=52/100, runtime=1135.22s, success=False, nit=1000, nfev=1001
[trial] d=6, n=10000, b=53/100, runtime=1131.74s, success=False, nit=1000, nfev=1001
[trial] d=6, n=10000, b=54/100, runtime=1136.12s, success=False, nit=1000, nfev=1001
[trial] d=6, n=10000, b=55/100, runtime=1128.15s, success=False, nit=1000, nfev=1001
[trial] d=6, n=10000, b=56/100, runtime=1126.37s, success=False, nit=1000, nfev=1001
[trial] d=6, n=10000, b=57/100, runtime=1125.43s, success=False, nit=1000, nfev=1001
[trial] d=6, n=10000, b=58/100, runtime=1125.40s, success=False, nit=1000, nfev=1001
[trial] d=6, n=10000, b=59/100, runtime=1125.45s, success=False, nit=1000, nfev=1001
[trial] d=6, n=10000, b=60/100, runtime=1124.41s, success=False, nit=1000, nfev=1001
[trial] d=6, n=10000, b=61/100, runtime=1134.02s, success=False, nit=1000, nfev=1001
[trial] d=6, n=10000, b=62/100, runtime=1127.20s, success=False, nit=1000, nfev=1001
[trial] d=6, n=10000, b=63/100, runtime=1120.78s, success=False, nit=1000, nfev=1001
[trial] d=6, n=10000, b=64/100, runtime=1121.65s, success=False, nit=1000, nfev=1001
[trial] d=6, n=10000, b=65/100, runtime=1121.92s, success=False, nit=1000, nfev=1001
[trial] d=6, n=10000, b=66/100, runtime=1122.85s, success=False, nit=1000, nfev=1001
[trial] d=6, n=10000, b=67/100, runtime=1129.48s, success=False, nit=1000, nfev=1001
[trial] d=6, n=10000, b=68/100, runtime=1130.35s, success=False, nit=1000, nfev=1001
[trial] d=6, n=10000, b=69/100, runtime=1131.71s, success=False, nit=1000, nfev=1001
[trial] d=6, n=10000, b=70/100, runtime=1125.48s, success=False, nit=1000, nfev=1002
[trial] d=6, n=10000, b=71/100, runtime=1120.38s, success=False, nit=1000, nfev=1001
[trial] d=6, n=10000, b=72/100, runtime=1121.13s, success=False, nit=1000, nfev=1001
[trial] d=6, n=10000, b=73/100, runtime=1119.92s, success=False, nit=1000, nfev=1001
[trial] d=6, n=10000, b=74/100, runtime=1119.93s, success=False, nit=1000, nfev=1001
[trial] d=6, n=10000, b=75/100, runtime=1119.78s, success=False, nit=1000, nfev=1001
[trial] d=6, n=10000, b=76/100, runtime=1127.98s, success=False, nit=1000, nfev=1001
[trial] d=6, n=10000, b=77/100, runtime=1116.52s, success=False, nit=1000, nfev=1001
[trial] d=6, n=10000, b=78/100, runtime=1117.35s, success=False, nit=1000, nfev=1002
[trial] d=6, n=10000, b=79/100, runtime=1106.08s, success=False, nit=1000, nfev=1001
[trial] d=6, n=10000, b=80/100, runtime=1116.12s, success=False, nit=1000, nfev=1001
[trial] d=6, n=10000, b=81/100, runtime=1113.96s, success=False, nit=1000, nfev=1001
[trial] d=6, n=10000, b=82/100, runtime=1107.25s, success=False, nit=1000, nfev=1001
[trial] d=6, n=10000, b=83/100, runtime=999.69s, success=True, nit=898, nfev=899
[trial] d=6, n=10000, b=84/100, runtime=1096.54s, success=False, nit=1000, nfev=1001
[trial] d=6, n=10000, b=85/100, runtime=1021.17s, success=False, nit=1000, nfev=1001
[trial] d=6, n=10000, b=86/100, runtime=1026.61s, success=False, nit=1000, nfev=1001
[trial] d=6, n=10000, b=87/100, runtime=1032.40s, success=False, nit=1000, nfev=1001
[trial] d=6, n=10000, b=88/100, runtime=1040.77s, success=False, nit=1000, nfev=1001
[trial] d=6, n=10000, b=89/100, runtime=1067.02s, success=False, nit=1000, nfev=1001
[trial] d=6, n=10000, b=90/100, runtime=1119.99s, success=False, nit=1000, nfev=1001
[trial] d=6, n=10000, b=91/100, runtime=1124.39s, success=False, nit=1000, nfev=1001
[trial] d=6, n=10000, b=92/100, runtime=1111.42s, success=False, nit=1000, nfev=1001
[trial] d=6, n=10000, b=93/100, runtime=1138.21s, success=False, nit=1000, nfev=1001
[trial] d=6, n=10000, b=94/100, runtime=1148.83s, success=False, nit=1000, nfev=1001
[trial] d=6, n=10000, b=95/100, runtime=1121.20s, success=False, nit=1000, nfev=1001
[trial] d=6, n=10000, b=96/100, runtime=1127.25s, success=False, nit=1000, nfev=1001
[trial] d=6, n=10000, b=97/100, runtime=1130.95s, success=False, nit=1000, nfev=1001
[trial] d=6, n=10000, b=98/100, runtime=1131.46s, success=False, nit=1000, nfev=1001
[trial] d=6, n=10000, b=99/100, runtime=1132.39s, success=False, nit=1000, nfev=1001
[trial] d=6, n=10000, b=100/100, runtime=1130.19s, success=False, nit=1000, nfev=1001

 Summary:
 d     n   B  mean_loss  std_loss  se_loss     beta  mean_loss_over_beta
 6   100 100   0.051584  0.004471 0.000447 4.569037             0.011290
 6   300 100   0.033480  0.002173 0.000217 4.859805             0.006889
 6  1000 100   0.020967  0.001041 0.000104 4.771708             0.004394
 6  3000 100   0.014300  0.000573 0.000057 4.444579             0.003217
 6 10000 100   0.009451  0.000175 0.000017 3.937477             0.002400

Empirical log-log slope for mean loss: -0.369
Log-log slope of beta(n,6): -0.034
