Python executable: /burg-archive/home/ss6574/.conda/envs/ot-exp/bin/python
Python version: 3.11.15 | packaged by conda-forge | (main, Mar  5 2026, 16:45:40) [GCC 14.3.0]
otexp package: /burg-archive/home/ss6574/L1-rates-ot-potentials/src/otexp/__init__.py
Running new_d dimension d=4, task=2
[trial] d=4, n=10000, b=1/100, runtime=1359.08s, success=False, nit=1000, nfev=1002
[trial] d=4, n=10000, b=2/100, runtime=1368.01s, success=False, nit=1000, nfev=1002
[trial] d=4, n=10000, b=3/100, runtime=1358.50s, success=False, nit=1000, nfev=1002
[trial] d=4, n=10000, b=4/100, runtime=1367.48s, success=False, nit=1000, nfev=1002
[trial] d=4, n=10000, b=5/100, runtime=1536.03s, success=False, nit=1000, nfev=1002
[trial] d=4, n=10000, b=6/100, runtime=1443.13s, success=False, nit=1000, nfev=1002
[trial] d=4, n=10000, b=7/100, runtime=1378.99s, success=False, nit=1000, nfev=1002
[trial] d=4, n=10000, b=8/100, runtime=1377.76s, success=False, nit=1000, nfev=1002
[trial] d=4, n=10000, b=9/100, runtime=1386.87s, success=False, nit=1000, nfev=1002
[trial] d=4, n=10000, b=10/100, runtime=1375.00s, success=False, nit=1000, nfev=1002
[trial] d=4, n=10000, b=11/100, runtime=1362.23s, success=False, nit=1000, nfev=1002
[trial] d=4, n=10000, b=12/100, runtime=1353.51s, success=False, nit=1000, nfev=1002
[trial] d=4, n=10000, b=13/100, runtime=1693.39s, success=False, nit=1000, nfev=1002
[trial] d=4, n=10000, b=14/100, runtime=2268.36s, success=False, nit=1000, nfev=1002
[trial] d=4, n=10000, b=15/100, runtime=1544.87s, success=False, nit=1000, nfev=1002
[trial] d=4, n=10000, b=16/100, runtime=1408.98s, success=False, nit=1000, nfev=1002
[trial] d=4, n=10000, b=17/100, runtime=1544.12s, success=False, nit=1000, nfev=1002
[trial] d=4, n=10000, b=18/100, runtime=1526.41s, success=False, nit=1000, nfev=1002
[trial] d=4, n=10000, b=19/100, runtime=1390.75s, success=False, nit=1000, nfev=1002
[trial] d=4, n=10000, b=20/100, runtime=1399.26s, success=False, nit=1000, nfev=1002
[trial] d=4, n=10000, b=21/100, runtime=1401.64s, success=False, nit=1000, nfev=1002
[trial] d=4, n=10000, b=22/100, runtime=1404.12s, success=False, nit=1000, nfev=1002
[trial] d=4, n=10000, b=23/100, runtime=1405.60s, success=False, nit=1000, nfev=1002
[trial] d=4, n=10000, b=24/100, runtime=1407.63s, success=False, nit=1000, nfev=1002
[trial] d=4, n=10000, b=25/100, runtime=1416.09s, success=False, nit=1000, nfev=1002
[trial] d=4, n=10000, b=26/100, runtime=1414.86s, success=False, nit=1000, nfev=1002
[trial] d=4, n=10000, b=27/100, runtime=1415.03s, success=False, nit=1000, nfev=1002
[trial] d=4, n=10000, b=28/100, runtime=1417.96s, success=False, nit=1000, nfev=1002
[trial] d=4, n=10000, b=29/100, runtime=1397.73s, success=False, nit=1000, nfev=1002
[trial] d=4, n=10000, b=30/100, runtime=1403.22s, success=False, nit=1000, nfev=1002
[trial] d=4, n=10000, b=31/100, runtime=1591.86s, success=False, nit=1000, nfev=1002
[trial] d=4, n=10000, b=32/100, runtime=1398.62s, success=False, nit=1000, nfev=1002
[trial] d=4, n=10000, b=33/100, runtime=1411.67s, success=False, nit=1000, nfev=1002
[trial] d=4, n=10000, b=34/100, runtime=1411.00s, success=False, nit=1000, nfev=1002
[trial] d=4, n=10000, b=35/100, runtime=1402.66s, success=False, nit=1000, nfev=1002
[trial] d=4, n=10000, b=36/100, runtime=1403.36s, success=False, nit=1000, nfev=1002
[trial] d=4, n=10000, b=37/100, runtime=1407.49s, success=False, nit=1000, nfev=1002
[trial] d=4, n=10000, b=38/100, runtime=1406.03s, success=False, nit=1000, nfev=1002
[trial] d=4, n=10000, b=39/100, runtime=1380.04s, success=False, nit=1000, nfev=1002
[trial] d=4, n=10000, b=40/100, runtime=1367.33s, success=False, nit=1000, nfev=1002
[trial] d=4, n=10000, b=41/100, runtime=1337.62s, success=False, nit=1000, nfev=1002
[trial] d=4, n=10000, b=42/100, runtime=1280.81s, success=False, nit=1000, nfev=1002
[trial] d=4, n=10000, b=43/100, runtime=1273.46s, success=False, nit=1000, nfev=1002
[trial] d=4, n=10000, b=44/100, runtime=1264.07s, success=False, nit=1000, nfev=1002
[trial] d=4, n=10000, b=45/100, runtime=1258.96s, success=False, nit=1000, nfev=1002
[trial] d=4, n=10000, b=46/100, runtime=1248.27s, success=False, nit=1000, nfev=1002
[trial] d=4, n=10000, b=47/100, runtime=1244.58s, success=False, nit=1000, nfev=1002
[trial] d=4, n=10000, b=48/100, runtime=1233.15s, success=False, nit=1000, nfev=1002
[trial] d=4, n=10000, b=49/100, runtime=1131.36s, success=False, nit=1000, nfev=1002
[trial] d=4, n=10000, b=50/100, runtime=1130.46s, success=False, nit=1000, nfev=1002
[trial] d=4, n=10000, b=51/100, runtime=1245.74s, success=False, nit=1000, nfev=1002
[trial] d=4, n=10000, b=52/100, runtime=1244.56s, success=False, nit=1000, nfev=1002
[trial] d=4, n=10000, b=53/100, runtime=1245.90s, success=False, nit=1000, nfev=1002
[trial] d=4, n=10000, b=54/100, runtime=1245.21s, success=False, nit=1000, nfev=1002
[trial] d=4, n=10000, b=55/100, runtime=1229.98s, success=False, nit=1000, nfev=1002
[trial] d=4, n=10000, b=56/100, runtime=1205.63s, success=False, nit=1000, nfev=1002
[trial] d=4, n=10000, b=57/100, runtime=1207.38s, success=False, nit=1000, nfev=1002
[trial] d=4, n=10000, b=58/100, runtime=1180.39s, success=False, nit=1000, nfev=1002
[trial] d=4, n=10000, b=59/100, runtime=1113.62s, success=False, nit=1000, nfev=1002
[trial] d=4, n=10000, b=60/100, runtime=1121.48s, success=False, nit=1000, nfev=1002
[trial] d=4, n=10000, b=61/100, runtime=1152.92s, success=False, nit=1000, nfev=1002
[trial] d=4, n=10000, b=62/100, runtime=1208.90s, success=False, nit=1000, nfev=1002
[trial] d=4, n=10000, b=63/100, runtime=1242.54s, success=False, nit=1000, nfev=1002
[trial] d=4, n=10000, b=64/100, runtime=1214.04s, success=False, nit=1000, nfev=1002
[trial] d=4, n=10000, b=65/100, runtime=1214.04s, success=False, nit=1000, nfev=1002
[trial] d=4, n=10000, b=66/100, runtime=1243.73s, success=False, nit=1000, nfev=1002
[trial] d=4, n=10000, b=67/100, runtime=1242.59s, success=False, nit=1000, nfev=1002
[trial] d=4, n=10000, b=68/100, runtime=1218.33s, success=False, nit=1000, nfev=1002
[trial] d=4, n=10000, b=69/100, runtime=1229.29s, success=False, nit=1000, nfev=1002
[trial] d=4, n=10000, b=70/100, runtime=1230.54s, success=False, nit=1000, nfev=1002
[trial] d=4, n=10000, b=71/100, runtime=1227.94s, success=False, nit=1000, nfev=1002
[trial] d=4, n=10000, b=72/100, runtime=1228.81s, success=False, nit=1000, nfev=1002
[trial] d=4, n=10000, b=73/100, runtime=1228.85s, success=False, nit=1000, nfev=1002
[trial] d=4, n=10000, b=74/100, runtime=1225.28s, success=False, nit=1000, nfev=1002
[trial] d=4, n=10000, b=75/100, runtime=1213.23s, success=False, nit=1000, nfev=1002
[trial] d=4, n=10000, b=76/100, runtime=1226.98s, success=False, nit=1000, nfev=1002
[trial] d=4, n=10000, b=77/100, runtime=1224.86s, success=False, nit=1000, nfev=1002
[trial] d=4, n=10000, b=78/100, runtime=1220.99s, success=False, nit=1000, nfev=1002
[trial] d=4, n=10000, b=79/100, runtime=1222.30s, success=False, nit=1000, nfev=1002
[trial] d=4, n=10000, b=80/100, runtime=1225.72s, success=False, nit=1000, nfev=1002
[trial] d=4, n=10000, b=81/100, runtime=1221.72s, success=False, nit=1000, nfev=1002
[trial] d=4, n=10000, b=82/100, runtime=1211.01s, success=False, nit=1000, nfev=1002
[trial] d=4, n=10000, b=83/100, runtime=1207.38s, success=False, nit=1000, nfev=1002
[trial] d=4, n=10000, b=84/100, runtime=1210.12s, success=False, nit=1000, nfev=1002
[trial] d=4, n=10000, b=85/100, runtime=1210.47s, success=False, nit=1000, nfev=1002
[trial] d=4, n=10000, b=86/100, runtime=1135.19s, success=False, nit=1000, nfev=1002
[trial] d=4, n=10000, b=87/100, runtime=1088.71s, success=False, nit=1000, nfev=1002
[trial] d=4, n=10000, b=88/100, runtime=1094.24s, success=False, nit=1000, nfev=1002
[trial] d=4, n=10000, b=89/100, runtime=1095.86s, success=False, nit=1000, nfev=1002
[trial] d=4, n=10000, b=90/100, runtime=1094.51s, success=False, nit=1000, nfev=1002
[trial] d=4, n=10000, b=91/100, runtime=1088.20s, success=False, nit=1000, nfev=1002
[trial] d=4, n=10000, b=92/100, runtime=1088.16s, success=False, nit=1000, nfev=1002
[trial] d=4, n=10000, b=93/100, runtime=1086.87s, success=False, nit=1000, nfev=1002
[trial] d=4, n=10000, b=94/100, runtime=1087.76s, success=False, nit=1000, nfev=1002
[trial] d=4, n=10000, b=95/100, runtime=1094.38s, success=False, nit=1000, nfev=1002
[trial] d=4, n=10000, b=96/100, runtime=1094.83s, success=False, nit=1000, nfev=1002
[trial] d=4, n=10000, b=97/100, runtime=1107.14s, success=False, nit=1000, nfev=1002
[trial] d=4, n=10000, b=98/100, runtime=1105.20s, success=False, nit=1000, nfev=1002
[trial] d=4, n=10000, b=99/100, runtime=1096.94s, success=False, nit=1000, nfev=1002
[trial] d=4, n=10000, b=100/100, runtime=1093.77s, success=False, nit=1000, nfev=1002

 Summary:
 d     n   B  mean_loss  std_loss  se_loss     beta  mean_loss_over_beta
 4   100 100   0.043334  0.007742 0.000774 4.551077             0.009522
 4   300 100   0.026846  0.005029 0.000503 4.485871             0.005985
 4  1000 100   0.014963  0.002247 0.000225 3.965905             0.003773
 4  3000 100   0.008473  0.001112 0.000111 3.311526             0.002559
 4 10000 100   0.004587  0.000397 0.000040 2.574478             0.001782

Empirical log-log slope for mean loss: -0.490
Log-log slope of beta(n,4): -0.126
