Python executable: /burg-archive/home/ss6574/.conda/envs/ot-exp/bin/python
Python version: 3.11.15 | packaged by conda-forge | (main, Mar  5 2026, 16:45:40) [GCC 14.3.0]
otexp package: /burg-archive/home/ss6574/L1-rates-ot-potentials/src/otexp/__init__.py
Running new_d dimension d=8, task=4
[resume] d=8, n=10000, b=[0, 100): found 55/100 completed trials
[trial] d=8, n=10000, b=56/100, runtime=867.49s, success=False, nit=1000, nfev=1001
[trial] d=8, n=10000, b=57/100, runtime=855.20s, success=True, nit=983, nfev=986
[trial] d=8, n=10000, b=58/100, runtime=868.17s, success=False, nit=1000, nfev=1001
[trial] d=8, n=10000, b=59/100, runtime=868.26s, success=False, nit=1000, nfev=1001
[trial] d=8, n=10000, b=60/100, runtime=858.97s, success=False, nit=1000, nfev=1001
[trial] d=8, n=10000, b=61/100, runtime=858.20s, success=False, nit=1000, nfev=1001
[trial] d=8, n=10000, b=62/100, runtime=859.41s, success=False, nit=1000, nfev=1002
[trial] d=8, n=10000, b=63/100, runtime=858.57s, success=False, nit=1000, nfev=1001
[trial] d=8, n=10000, b=64/100, runtime=858.53s, success=False, nit=1000, nfev=1001
[trial] d=8, n=10000, b=65/100, runtime=858.55s, success=False, nit=1000, nfev=1001
[trial] d=8, n=10000, b=66/100, runtime=858.57s, success=False, nit=1000, nfev=1001
[trial] d=8, n=10000, b=67/100, runtime=608.19s, success=True, nit=708, nfev=709
[trial] d=8, n=10000, b=68/100, runtime=858.22s, success=False, nit=1000, nfev=1001
[trial] d=8, n=10000, b=69/100, runtime=859.25s, success=False, nit=1000, nfev=1002
[trial] d=8, n=10000, b=70/100, runtime=858.41s, success=False, nit=1000, nfev=1001
[trial] d=8, n=10000, b=71/100, runtime=858.41s, success=False, nit=1000, nfev=1001
[trial] d=8, n=10000, b=72/100, runtime=858.22s, success=False, nit=1000, nfev=1001
[trial] d=8, n=10000, b=73/100, runtime=806.84s, success=True, nit=939, nfev=941
[trial] d=8, n=10000, b=74/100, runtime=859.14s, success=False, nit=1000, nfev=1002
[trial] d=8, n=10000, b=75/100, runtime=858.08s, success=False, nit=1000, nfev=1001
[trial] d=8, n=10000, b=76/100, runtime=858.10s, success=False, nit=1000, nfev=1001
[trial] d=8, n=10000, b=77/100, runtime=859.15s, success=False, nit=1000, nfev=1002
[trial] d=8, n=10000, b=78/100, runtime=858.18s, success=False, nit=1000, nfev=1001
[trial] d=8, n=10000, b=79/100, runtime=858.40s, success=False, nit=1000, nfev=1001
[trial] d=8, n=10000, b=80/100, runtime=858.06s, success=False, nit=1000, nfev=1001
[trial] d=8, n=10000, b=81/100, runtime=862.90s, success=False, nit=1000, nfev=1002
[trial] d=8, n=10000, b=82/100, runtime=856.15s, success=False, nit=1000, nfev=1002
[trial] d=8, n=10000, b=83/100, runtime=860.20s, success=False, nit=1000, nfev=1002
[trial] d=8, n=10000, b=84/100, runtime=606.64s, success=True, nit=700, nfev=701
[trial] d=8, n=10000, b=85/100, runtime=866.97s, success=False, nit=1000, nfev=1003
[trial] d=8, n=10000, b=86/100, runtime=863.99s, success=False, nit=1000, nfev=1001
[trial] d=8, n=10000, b=87/100, runtime=859.08s, success=False, nit=1000, nfev=1001
[trial] d=8, n=10000, b=88/100, runtime=856.98s, success=False, nit=1000, nfev=1003
[trial] d=8, n=10000, b=89/100, runtime=858.85s, success=False, nit=1000, nfev=1001
[trial] d=8, n=10000, b=90/100, runtime=771.32s, success=True, nit=907, nfev=908
[trial] d=8, n=10000, b=91/100, runtime=840.95s, success=False, nit=1000, nfev=1002
[trial] d=8, n=10000, b=92/100, runtime=839.85s, success=False, nit=1000, nfev=1001
[trial] d=8, n=10000, b=93/100, runtime=914.93s, success=False, nit=1000, nfev=1001
[trial] d=8, n=10000, b=94/100, runtime=863.57s, success=False, nit=1000, nfev=1002
[trial] d=8, n=10000, b=95/100, runtime=858.66s, success=False, nit=1000, nfev=1001
[trial] d=8, n=10000, b=96/100, runtime=856.68s, success=False, nit=1000, nfev=1002
[trial] d=8, n=10000, b=97/100, runtime=852.51s, success=False, nit=1000, nfev=1003
[trial] d=8, n=10000, b=98/100, runtime=851.11s, success=False, nit=1000, nfev=1001
[trial] d=8, n=10000, b=99/100, runtime=855.01s, success=False, nit=1000, nfev=1001
[trial] d=8, n=10000, b=100/100, runtime=856.82s, success=False, nit=1000, nfev=1001

 Summary:
 d     n   B  mean_loss  std_loss  se_loss      beta  mean_loss_over_beta
 8   100 100   0.056221  0.002694 0.000269 14.391770             0.003906
 8   300 100   0.039704  0.001155 0.000116 18.669259             0.002127
 8  1000 100   0.027705  0.000711 0.000071 22.301925             0.001242
 8  3000 100   0.020316  0.000255 0.000025 24.508035             0.000829
 8 10000 100   0.013720  0.000139 0.000014 25.744781             0.000533

Empirical log-log slope for mean loss: -0.303
Log-log slope of beta(n,8): 0.124
