Python executable: /burg-archive/home/ss6574/.conda/envs/ot-exp/bin/python
Python version: 3.11.15 | packaged by conda-forge | (main, Mar  5 2026, 16:45:40) [GCC 14.3.0]
otexp package: /burg-archive/home/ss6574/L1-rates-ot-potentials/src/otexp/__init__.py
Running new_d dimension d=4, task=2
[resume] d=4, n=10000, b=[0, 100): found 55/100 completed trials
[trial] d=4, n=10000, b=56/100, runtime=876.06s, success=False, nit=1000, nfev=1002
[trial] d=4, n=10000, b=57/100, runtime=873.89s, success=False, nit=1000, nfev=1002
[trial] d=4, n=10000, b=58/100, runtime=873.60s, success=False, nit=1000, nfev=1002
[trial] d=4, n=10000, b=59/100, runtime=873.54s, success=False, nit=1000, nfev=1002
[trial] d=4, n=10000, b=60/100, runtime=883.55s, success=False, nit=1000, nfev=1002
[trial] d=4, n=10000, b=61/100, runtime=887.25s, success=False, nit=1000, nfev=1002
[trial] d=4, n=10000, b=62/100, runtime=885.28s, success=False, nit=1000, nfev=1002
[trial] d=4, n=10000, b=63/100, runtime=885.71s, success=False, nit=1000, nfev=1002
[trial] d=4, n=10000, b=64/100, runtime=886.17s, success=False, nit=1000, nfev=1002
[trial] d=4, n=10000, b=65/100, runtime=887.96s, success=False, nit=1000, nfev=1002
[trial] d=4, n=10000, b=66/100, runtime=888.60s, success=False, nit=1000, nfev=1002
[trial] d=4, n=10000, b=67/100, runtime=888.74s, success=False, nit=1000, nfev=1002
[trial] d=4, n=10000, b=68/100, runtime=888.93s, success=False, nit=1000, nfev=1002
[trial] d=4, n=10000, b=69/100, runtime=890.00s, success=False, nit=1000, nfev=1002
[trial] d=4, n=10000, b=70/100, runtime=890.82s, success=False, nit=1000, nfev=1002
[trial] d=4, n=10000, b=71/100, runtime=890.65s, success=False, nit=1000, nfev=1002
[trial] d=4, n=10000, b=72/100, runtime=890.79s, success=False, nit=1000, nfev=1002
[trial] d=4, n=10000, b=73/100, runtime=891.14s, success=False, nit=1000, nfev=1002
[trial] d=4, n=10000, b=74/100, runtime=891.40s, success=False, nit=1000, nfev=1002
[trial] d=4, n=10000, b=75/100, runtime=891.56s, success=False, nit=1000, nfev=1002
[trial] d=4, n=10000, b=76/100, runtime=888.46s, success=False, nit=1000, nfev=1002
[trial] d=4, n=10000, b=77/100, runtime=888.51s, success=False, nit=1000, nfev=1002
[trial] d=4, n=10000, b=78/100, runtime=890.78s, success=False, nit=1000, nfev=1002
[trial] d=4, n=10000, b=79/100, runtime=873.56s, success=False, nit=1000, nfev=1002
[trial] d=4, n=10000, b=80/100, runtime=890.98s, success=False, nit=1000, nfev=1002
[trial] d=4, n=10000, b=81/100, runtime=890.09s, success=False, nit=1000, nfev=1002
[trial] d=4, n=10000, b=82/100, runtime=890.56s, success=False, nit=1000, nfev=1002
[trial] d=4, n=10000, b=83/100, runtime=891.25s, success=False, nit=1000, nfev=1002
[trial] d=4, n=10000, b=84/100, runtime=891.05s, success=False, nit=1000, nfev=1002
[trial] d=4, n=10000, b=85/100, runtime=890.64s, success=False, nit=1000, nfev=1002
[trial] d=4, n=10000, b=86/100, runtime=889.85s, success=False, nit=1000, nfev=1002
[trial] d=4, n=10000, b=87/100, runtime=883.22s, success=False, nit=1000, nfev=1002
[trial] d=4, n=10000, b=88/100, runtime=872.36s, success=False, nit=1000, nfev=1002
[trial] d=4, n=10000, b=89/100, runtime=873.12s, success=False, nit=1000, nfev=1002
[trial] d=4, n=10000, b=90/100, runtime=875.74s, success=False, nit=1000, nfev=1002
[trial] d=4, n=10000, b=91/100, runtime=874.96s, success=False, nit=1000, nfev=1002
[trial] d=4, n=10000, b=92/100, runtime=875.29s, success=False, nit=1000, nfev=1002
[trial] d=4, n=10000, b=93/100, runtime=875.48s, success=False, nit=1000, nfev=1002
[trial] d=4, n=10000, b=94/100, runtime=875.60s, success=False, nit=1000, nfev=1002
[trial] d=4, n=10000, b=95/100, runtime=875.22s, success=False, nit=1000, nfev=1002
[trial] d=4, n=10000, b=96/100, runtime=874.49s, success=False, nit=1000, nfev=1002
[trial] d=4, n=10000, b=97/100, runtime=883.38s, success=False, nit=1000, nfev=1002
[trial] d=4, n=10000, b=98/100, runtime=883.06s, success=False, nit=1000, nfev=1002
[trial] d=4, n=10000, b=99/100, runtime=883.19s, success=False, nit=1000, nfev=1002
[trial] d=4, n=10000, b=100/100, runtime=883.82s, success=False, nit=1000, nfev=1002

 Summary:
 d     n   B  mean_loss  std_loss  se_loss     beta  mean_loss_over_beta
 4   100 100   0.043361  0.007708 0.000771 4.551077             0.009528
 4   300 100   0.026907  0.005032 0.000503 4.485871             0.005998
 4  1000 100   0.015038  0.002234 0.000223 3.965905             0.003792
 4  3000 100   0.008565  0.001099 0.000110 3.311526             0.002586
 4 10000 100   0.004558  0.000399 0.000040 2.574478             0.001770

Empirical log-log slope for mean loss: -0.491
Log-log slope of beta(n,4): -0.126
